ARM GAS  C:\Users\Helon\AppData\Local\Temp\cc6MJreW.s 			page 1


   1              		.cpu cortex-m0
   2              		.fpu softvfp
   3              		.eabi_attribute 20, 1
   4              		.eabi_attribute 21, 1
   5              		.eabi_attribute 23, 3
   6              		.eabi_attribute 24, 1
   7              		.eabi_attribute 25, 1
   8              		.eabi_attribute 26, 1
   9              		.eabi_attribute 30, 1
  10              		.eabi_attribute 34, 0
  11              		.eabi_attribute 18, 4
  12              		.code	16
  13              		.file	"cyfitter_cfg.c"
  14              		.text
  15              	.Ltext0:
  16              		.cfi_sections	.debug_frame
  17              		.section	.text.AnalogSetDefault,"ax",%progbits
  18              		.align	2
  19              		.code	16
  20              		.thumb_func
  21              		.type	AnalogSetDefault, %function
  22              	AnalogSetDefault:
  23              	.LFB6:
  24              		.file 1 ".\\Generated_Source\\PSoC4\\cyfitter_cfg.c"
   1:.\Generated_Source\PSoC4/cyfitter_cfg.c **** /*******************************************************************************
   2:.\Generated_Source\PSoC4/cyfitter_cfg.c **** * File Name: cyfitter_cfg.c
   3:.\Generated_Source\PSoC4/cyfitter_cfg.c **** * 
   4:.\Generated_Source\PSoC4/cyfitter_cfg.c **** * PSoC Creator  3.3 SP1
   5:.\Generated_Source\PSoC4/cyfitter_cfg.c **** *
   6:.\Generated_Source\PSoC4/cyfitter_cfg.c **** * Description:
   7:.\Generated_Source\PSoC4/cyfitter_cfg.c **** * This file contains device initialization code.
   8:.\Generated_Source\PSoC4/cyfitter_cfg.c **** * Except for the user defined sections in CyClockStartupError(), this file should not be modified.
   9:.\Generated_Source\PSoC4/cyfitter_cfg.c **** * This file is automatically generated by PSoC Creator.
  10:.\Generated_Source\PSoC4/cyfitter_cfg.c **** *
  11:.\Generated_Source\PSoC4/cyfitter_cfg.c **** ********************************************************************************
  12:.\Generated_Source\PSoC4/cyfitter_cfg.c **** * Copyright (c) 2007-2015 Cypress Semiconductor.  All rights reserved.
  13:.\Generated_Source\PSoC4/cyfitter_cfg.c **** * You may use this file only in accordance with the license, terms, conditions, 
  14:.\Generated_Source\PSoC4/cyfitter_cfg.c **** * disclaimers, and limitations in the end user license agreement accompanying 
  15:.\Generated_Source\PSoC4/cyfitter_cfg.c **** * the software package with which this file was provided.
  16:.\Generated_Source\PSoC4/cyfitter_cfg.c **** ********************************************************************************/
  17:.\Generated_Source\PSoC4/cyfitter_cfg.c **** 
  18:.\Generated_Source\PSoC4/cyfitter_cfg.c **** #include <string.h>
  19:.\Generated_Source\PSoC4/cyfitter_cfg.c **** #include "cytypes.h"
  20:.\Generated_Source\PSoC4/cyfitter_cfg.c **** #include "cydevice_trm.h"
  21:.\Generated_Source\PSoC4/cyfitter_cfg.c **** #include "cyfitter.h"
  22:.\Generated_Source\PSoC4/cyfitter_cfg.c **** #include "CyLib.h"
  23:.\Generated_Source\PSoC4/cyfitter_cfg.c **** #include "CyLFClk.h"
  24:.\Generated_Source\PSoC4/cyfitter_cfg.c **** #include "cyfitter_cfg.h"
  25:.\Generated_Source\PSoC4/cyfitter_cfg.c **** 
  26:.\Generated_Source\PSoC4/cyfitter_cfg.c **** 
  27:.\Generated_Source\PSoC4/cyfitter_cfg.c **** #if defined(__GNUC__) || defined(__ARMCC_VERSION)
  28:.\Generated_Source\PSoC4/cyfitter_cfg.c ****     #define CYPACKED 
  29:.\Generated_Source\PSoC4/cyfitter_cfg.c ****     #define CYPACKED_ATTR __attribute__ ((packed))
  30:.\Generated_Source\PSoC4/cyfitter_cfg.c ****     #define CYALIGNED __attribute__ ((aligned))
  31:.\Generated_Source\PSoC4/cyfitter_cfg.c ****     #define CY_CFG_UNUSED __attribute__ ((unused))
  32:.\Generated_Source\PSoC4/cyfitter_cfg.c ****     #ifndef CY_CFG_SECTION
  33:.\Generated_Source\PSoC4/cyfitter_cfg.c ****         #define CY_CFG_SECTION __attribute__ ((section(".psocinit")))
ARM GAS  C:\Users\Helon\AppData\Local\Temp\cc6MJreW.s 			page 2


  34:.\Generated_Source\PSoC4/cyfitter_cfg.c ****     #endif
  35:.\Generated_Source\PSoC4/cyfitter_cfg.c ****     
  36:.\Generated_Source\PSoC4/cyfitter_cfg.c ****     #if defined(__ARMCC_VERSION)
  37:.\Generated_Source\PSoC4/cyfitter_cfg.c ****         #define CY_CFG_MEMORY_BARRIER() __memory_changed()
  38:.\Generated_Source\PSoC4/cyfitter_cfg.c ****     #else
  39:.\Generated_Source\PSoC4/cyfitter_cfg.c ****         #define CY_CFG_MEMORY_BARRIER() __sync_synchronize()
  40:.\Generated_Source\PSoC4/cyfitter_cfg.c ****     #endif
  41:.\Generated_Source\PSoC4/cyfitter_cfg.c ****     
  42:.\Generated_Source\PSoC4/cyfitter_cfg.c **** #elif defined(__ICCARM__)
  43:.\Generated_Source\PSoC4/cyfitter_cfg.c ****     #include <intrinsics.h>
  44:.\Generated_Source\PSoC4/cyfitter_cfg.c **** 
  45:.\Generated_Source\PSoC4/cyfitter_cfg.c ****     #define CYPACKED __packed
  46:.\Generated_Source\PSoC4/cyfitter_cfg.c ****     #define CYPACKED_ATTR 
  47:.\Generated_Source\PSoC4/cyfitter_cfg.c ****     #define CYALIGNED _Pragma("data_alignment=4")
  48:.\Generated_Source\PSoC4/cyfitter_cfg.c ****     #define CY_CFG_UNUSED _Pragma("diag_suppress=Pe177")
  49:.\Generated_Source\PSoC4/cyfitter_cfg.c ****     #define CY_CFG_SECTION _Pragma("location=\".psocinit\"")
  50:.\Generated_Source\PSoC4/cyfitter_cfg.c ****     
  51:.\Generated_Source\PSoC4/cyfitter_cfg.c ****     #define CY_CFG_MEMORY_BARRIER() __DMB()
  52:.\Generated_Source\PSoC4/cyfitter_cfg.c ****     
  53:.\Generated_Source\PSoC4/cyfitter_cfg.c **** #else
  54:.\Generated_Source\PSoC4/cyfitter_cfg.c ****     #error Unsupported toolchain
  55:.\Generated_Source\PSoC4/cyfitter_cfg.c **** #endif
  56:.\Generated_Source\PSoC4/cyfitter_cfg.c **** 
  57:.\Generated_Source\PSoC4/cyfitter_cfg.c **** 
  58:.\Generated_Source\PSoC4/cyfitter_cfg.c **** CY_CFG_UNUSED
  59:.\Generated_Source\PSoC4/cyfitter_cfg.c **** static void CYMEMZERO(void *s, size_t n);
  60:.\Generated_Source\PSoC4/cyfitter_cfg.c **** CY_CFG_UNUSED
  61:.\Generated_Source\PSoC4/cyfitter_cfg.c **** static void CYMEMZERO(void *s, size_t n)
  62:.\Generated_Source\PSoC4/cyfitter_cfg.c **** {
  63:.\Generated_Source\PSoC4/cyfitter_cfg.c **** 	(void)memset(s, 0, n);
  64:.\Generated_Source\PSoC4/cyfitter_cfg.c **** }
  65:.\Generated_Source\PSoC4/cyfitter_cfg.c **** CY_CFG_UNUSED
  66:.\Generated_Source\PSoC4/cyfitter_cfg.c **** static void CYCONFIGCPY(void *dest, const void *src, size_t n);
  67:.\Generated_Source\PSoC4/cyfitter_cfg.c **** CY_CFG_UNUSED
  68:.\Generated_Source\PSoC4/cyfitter_cfg.c **** static void CYCONFIGCPY(void *dest, const void *src, size_t n)
  69:.\Generated_Source\PSoC4/cyfitter_cfg.c **** {
  70:.\Generated_Source\PSoC4/cyfitter_cfg.c **** 	(void)memcpy(dest, src, n);
  71:.\Generated_Source\PSoC4/cyfitter_cfg.c **** }
  72:.\Generated_Source\PSoC4/cyfitter_cfg.c **** CY_CFG_UNUSED
  73:.\Generated_Source\PSoC4/cyfitter_cfg.c **** static void CYCONFIGCPYCODE(void *dest, const void *src, size_t n);
  74:.\Generated_Source\PSoC4/cyfitter_cfg.c **** CY_CFG_UNUSED
  75:.\Generated_Source\PSoC4/cyfitter_cfg.c **** static void CYCONFIGCPYCODE(void *dest, const void *src, size_t n)
  76:.\Generated_Source\PSoC4/cyfitter_cfg.c **** {
  77:.\Generated_Source\PSoC4/cyfitter_cfg.c **** 	(void)memcpy(dest, src, n);
  78:.\Generated_Source\PSoC4/cyfitter_cfg.c **** }
  79:.\Generated_Source\PSoC4/cyfitter_cfg.c **** 
  80:.\Generated_Source\PSoC4/cyfitter_cfg.c **** 
  81:.\Generated_Source\PSoC4/cyfitter_cfg.c **** 
  82:.\Generated_Source\PSoC4/cyfitter_cfg.c **** /* Clock startup error codes                                                   */
  83:.\Generated_Source\PSoC4/cyfitter_cfg.c **** #define CYCLOCKSTART_NO_ERROR    0u
  84:.\Generated_Source\PSoC4/cyfitter_cfg.c **** #define CYCLOCKSTART_XTAL_ERROR  1u
  85:.\Generated_Source\PSoC4/cyfitter_cfg.c **** #define CYCLOCKSTART_32KHZ_ERROR 2u
  86:.\Generated_Source\PSoC4/cyfitter_cfg.c **** #define CYCLOCKSTART_PLL_ERROR   3u
  87:.\Generated_Source\PSoC4/cyfitter_cfg.c **** 
  88:.\Generated_Source\PSoC4/cyfitter_cfg.c **** #ifdef CY_NEED_CYCLOCKSTARTUPERROR
  89:.\Generated_Source\PSoC4/cyfitter_cfg.c **** /*******************************************************************************
  90:.\Generated_Source\PSoC4/cyfitter_cfg.c **** * Function Name: CyClockStartupError
ARM GAS  C:\Users\Helon\AppData\Local\Temp\cc6MJreW.s 			page 3


  91:.\Generated_Source\PSoC4/cyfitter_cfg.c **** ********************************************************************************
  92:.\Generated_Source\PSoC4/cyfitter_cfg.c **** * Summary:
  93:.\Generated_Source\PSoC4/cyfitter_cfg.c **** *  If an error is encountered during clock configuration (crystal startup error,
  94:.\Generated_Source\PSoC4/cyfitter_cfg.c **** *  PLL lock error, etc.), the system will end up here.  Unless reimplemented by
  95:.\Generated_Source\PSoC4/cyfitter_cfg.c **** *  the customer, this function will stop in an infinite loop.
  96:.\Generated_Source\PSoC4/cyfitter_cfg.c **** *
  97:.\Generated_Source\PSoC4/cyfitter_cfg.c **** * Parameters:
  98:.\Generated_Source\PSoC4/cyfitter_cfg.c **** *   void
  99:.\Generated_Source\PSoC4/cyfitter_cfg.c **** *
 100:.\Generated_Source\PSoC4/cyfitter_cfg.c **** * Return:
 101:.\Generated_Source\PSoC4/cyfitter_cfg.c **** *   void
 102:.\Generated_Source\PSoC4/cyfitter_cfg.c **** *
 103:.\Generated_Source\PSoC4/cyfitter_cfg.c **** *******************************************************************************/
 104:.\Generated_Source\PSoC4/cyfitter_cfg.c **** CY_CFG_UNUSED
 105:.\Generated_Source\PSoC4/cyfitter_cfg.c **** static void CyClockStartupError(uint8 errorCode);
 106:.\Generated_Source\PSoC4/cyfitter_cfg.c **** CY_CFG_UNUSED
 107:.\Generated_Source\PSoC4/cyfitter_cfg.c **** static void CyClockStartupError(uint8 errorCode)
 108:.\Generated_Source\PSoC4/cyfitter_cfg.c **** {
 109:.\Generated_Source\PSoC4/cyfitter_cfg.c ****     /* To remove the compiler warning if errorCode not used.                */
 110:.\Generated_Source\PSoC4/cyfitter_cfg.c ****     errorCode = errorCode;
 111:.\Generated_Source\PSoC4/cyfitter_cfg.c **** 
 112:.\Generated_Source\PSoC4/cyfitter_cfg.c ****     /* `#START CyClockStartupError` */
 113:.\Generated_Source\PSoC4/cyfitter_cfg.c **** 
 114:.\Generated_Source\PSoC4/cyfitter_cfg.c ****     /* If we have a clock startup error (bad MHz crystal, PLL lock, etc.),  */
 115:.\Generated_Source\PSoC4/cyfitter_cfg.c ****     /* we will end up here to allow the customer to implement something to  */
 116:.\Generated_Source\PSoC4/cyfitter_cfg.c ****     /* deal with the clock condition.                                       */
 117:.\Generated_Source\PSoC4/cyfitter_cfg.c **** 
 118:.\Generated_Source\PSoC4/cyfitter_cfg.c ****     /* `#END` */
 119:.\Generated_Source\PSoC4/cyfitter_cfg.c **** 
 120:.\Generated_Source\PSoC4/cyfitter_cfg.c ****     /* If nothing else, stop here since the clocks have not started         */
 121:.\Generated_Source\PSoC4/cyfitter_cfg.c ****     /* correctly.                                                           */
 122:.\Generated_Source\PSoC4/cyfitter_cfg.c ****     while(1) {}
 123:.\Generated_Source\PSoC4/cyfitter_cfg.c **** }
 124:.\Generated_Source\PSoC4/cyfitter_cfg.c **** #endif
 125:.\Generated_Source\PSoC4/cyfitter_cfg.c **** 
 126:.\Generated_Source\PSoC4/cyfitter_cfg.c **** 
 127:.\Generated_Source\PSoC4/cyfitter_cfg.c **** 
 128:.\Generated_Source\PSoC4/cyfitter_cfg.c **** /*******************************************************************************
 129:.\Generated_Source\PSoC4/cyfitter_cfg.c **** * Function Name: ClockSetup
 130:.\Generated_Source\PSoC4/cyfitter_cfg.c **** ********************************************************************************
 131:.\Generated_Source\PSoC4/cyfitter_cfg.c **** *
 132:.\Generated_Source\PSoC4/cyfitter_cfg.c **** * Summary:
 133:.\Generated_Source\PSoC4/cyfitter_cfg.c **** *   Performs the initialization of all of the clocks in the device based on the
 134:.\Generated_Source\PSoC4/cyfitter_cfg.c **** *   settings in the Clock tab of the DWR.  This includes enabling the requested
 135:.\Generated_Source\PSoC4/cyfitter_cfg.c **** *   clocks and setting the necessary dividers to produce the desired frequency. 
 136:.\Generated_Source\PSoC4/cyfitter_cfg.c **** *
 137:.\Generated_Source\PSoC4/cyfitter_cfg.c **** * Parameters:
 138:.\Generated_Source\PSoC4/cyfitter_cfg.c **** *   void
 139:.\Generated_Source\PSoC4/cyfitter_cfg.c **** *
 140:.\Generated_Source\PSoC4/cyfitter_cfg.c **** * Return:
 141:.\Generated_Source\PSoC4/cyfitter_cfg.c **** *   void
 142:.\Generated_Source\PSoC4/cyfitter_cfg.c **** *
 143:.\Generated_Source\PSoC4/cyfitter_cfg.c **** *******************************************************************************/
 144:.\Generated_Source\PSoC4/cyfitter_cfg.c **** static void ClockSetup(void);
 145:.\Generated_Source\PSoC4/cyfitter_cfg.c **** CY_CFG_SECTION
 146:.\Generated_Source\PSoC4/cyfitter_cfg.c **** static void ClockSetup(void)
 147:.\Generated_Source\PSoC4/cyfitter_cfg.c **** {
ARM GAS  C:\Users\Helon\AppData\Local\Temp\cc6MJreW.s 			page 4


 148:.\Generated_Source\PSoC4/cyfitter_cfg.c **** 
 149:.\Generated_Source\PSoC4/cyfitter_cfg.c **** 	/* Set Flash Cycles based on max possible frequency in case a glitch occurs during ClockSetup(). *
 150:.\Generated_Source\PSoC4/cyfitter_cfg.c **** 	CY_SET_REG32((void CYXDATA *)(CYREG_CPUSS_FLASH_CTL), (0x0012u));
 151:.\Generated_Source\PSoC4/cyfitter_cfg.c **** 
 152:.\Generated_Source\PSoC4/cyfitter_cfg.c **** 	/* Start the WCO */
 153:.\Generated_Source\PSoC4/cyfitter_cfg.c **** 	CySysClkWcoStart();
 154:.\Generated_Source\PSoC4/cyfitter_cfg.c **** 	CyDelayCycles(12000000u); /* WCO may take up to 500ms to start */
 155:.\Generated_Source\PSoC4/cyfitter_cfg.c **** 	(void)CySysClkWcoSetPowerMode(CY_SYS_CLK_WCO_LPM);    /* Switch to the low power mode */
 156:.\Generated_Source\PSoC4/cyfitter_cfg.c **** 
 157:.\Generated_Source\PSoC4/cyfitter_cfg.c **** 	/* Setup and trim IMO based on desired frequency. */
 158:.\Generated_Source\PSoC4/cyfitter_cfg.c **** 	CySysClkWriteImoFreq(48u);
 159:.\Generated_Source\PSoC4/cyfitter_cfg.c **** 	/* CYDEV_CLK_ILO_CONFIG Starting address: CYDEV_CLK_ILO_CONFIG */
 160:.\Generated_Source\PSoC4/cyfitter_cfg.c **** 	CY_SET_XTND_REG32((void CYFAR *)(CYREG_CLK_ILO_CONFIG), 0x80000006u);
 161:.\Generated_Source\PSoC4/cyfitter_cfg.c **** 
 162:.\Generated_Source\PSoC4/cyfitter_cfg.c **** 	/* CYDEV_WDT_CONFIG Starting address: CYDEV_WDT_CONFIG */
 163:.\Generated_Source\PSoC4/cyfitter_cfg.c **** 	CY_SET_XTND_REG32((void CYFAR *)(CYREG_WDT_CONFIG), 0x40000000u);
 164:.\Generated_Source\PSoC4/cyfitter_cfg.c **** 
 165:.\Generated_Source\PSoC4/cyfitter_cfg.c **** 
 166:.\Generated_Source\PSoC4/cyfitter_cfg.c **** 	/* Enable fast start mode for XO */
 167:.\Generated_Source\PSoC4/cyfitter_cfg.c **** 	CY_SET_REG32((void*)CYREG_BLE_BLERD_BB_XO, CY_GET_REG32((void*)CYREG_BLE_BLERD_BB_XO) | (uint32)0x
 168:.\Generated_Source\PSoC4/cyfitter_cfg.c **** 	CY_SET_XTND_REG32((void CYFAR *)(CYREG_BLE_BLERD_BB_XO_CAPTRIM), 0x00003E2Du);
 169:.\Generated_Source\PSoC4/cyfitter_cfg.c **** 	/* Disable Crystal Stable Interrupt before enabling ECO */
 170:.\Generated_Source\PSoC4/cyfitter_cfg.c **** 	CY_SET_REG32((void*)CYREG_BLE_BLESS_LL_DSM_CTRL, CY_GET_REG32((void*)CYREG_BLE_BLESS_LL_DSM_CTRL) 
 171:.\Generated_Source\PSoC4/cyfitter_cfg.c **** 	/* Start the ECO and do not check status since it is not needed for HFCLK */
 172:.\Generated_Source\PSoC4/cyfitter_cfg.c **** 	(void)CySysClkEcoStart(2000u);
 173:.\Generated_Source\PSoC4/cyfitter_cfg.c **** 	CyDelayUs(1500u); /* Wait to stabalize */
 174:.\Generated_Source\PSoC4/cyfitter_cfg.c **** 
 175:.\Generated_Source\PSoC4/cyfitter_cfg.c **** 	/* Setup phase aligned clocks */
 176:.\Generated_Source\PSoC4/cyfitter_cfg.c **** 	CY_SET_REG32((void *)CYREG_PERI_DIV_16_CTL1, 0x00257F00u);
 177:.\Generated_Source\PSoC4/cyfitter_cfg.c **** 	CY_SET_REG32((void *)CYREG_PERI_DIV_CMD, 0x8000FF41u);
 178:.\Generated_Source\PSoC4/cyfitter_cfg.c **** 	CY_SET_REG32((void *)CYREG_PERI_DIV_16_CTL0, 0x00002200u);
 179:.\Generated_Source\PSoC4/cyfitter_cfg.c **** 	CY_SET_REG32((void *)CYREG_PERI_DIV_CMD, 0x8000FF40u);
 180:.\Generated_Source\PSoC4/cyfitter_cfg.c **** 
 181:.\Generated_Source\PSoC4/cyfitter_cfg.c **** 	/* CYDEV_CLK_IMO_CONFIG Starting address: CYDEV_CLK_IMO_CONFIG */
 182:.\Generated_Source\PSoC4/cyfitter_cfg.c **** 	CY_SET_XTND_REG32((void CYFAR *)(CYREG_CLK_IMO_CONFIG), 0x80000000u);
 183:.\Generated_Source\PSoC4/cyfitter_cfg.c **** 
 184:.\Generated_Source\PSoC4/cyfitter_cfg.c **** 	/* CYDEV_CLK_SELECT Starting address: CYDEV_CLK_SELECT */
 185:.\Generated_Source\PSoC4/cyfitter_cfg.c **** 	CY_SET_XTND_REG32((void CYFAR *)(CYREG_CLK_SELECT), 0x00040000u);
 186:.\Generated_Source\PSoC4/cyfitter_cfg.c **** 
 187:.\Generated_Source\PSoC4/cyfitter_cfg.c **** 	/* CYDEV_PERI_PCLK_CTL7 Starting address: CYDEV_PERI_PCLK_CTL7 */
 188:.\Generated_Source\PSoC4/cyfitter_cfg.c **** 	CY_SET_XTND_REG32((void CYFAR *)(CYREG_PERI_PCLK_CTL7), 0x00000041u);
 189:.\Generated_Source\PSoC4/cyfitter_cfg.c **** 
 190:.\Generated_Source\PSoC4/cyfitter_cfg.c **** 	/* CYDEV_PERI_PCLK_CTL1 Starting address: CYDEV_PERI_PCLK_CTL1 */
 191:.\Generated_Source\PSoC4/cyfitter_cfg.c **** 	CY_SET_XTND_REG32((void CYFAR *)(CYREG_PERI_PCLK_CTL1), 0x00000040u);
 192:.\Generated_Source\PSoC4/cyfitter_cfg.c **** 
 193:.\Generated_Source\PSoC4/cyfitter_cfg.c **** 	(void)CyIntSetVector(8u, &CySysWdtIsr);
 194:.\Generated_Source\PSoC4/cyfitter_cfg.c **** 	CyIntEnable(8u);
 195:.\Generated_Source\PSoC4/cyfitter_cfg.c **** 	CY_SET_XTND_REG32((void CYFAR *)(CYREG_WDT_CONFIG), 0x40000000u);
 196:.\Generated_Source\PSoC4/cyfitter_cfg.c **** }
 197:.\Generated_Source\PSoC4/cyfitter_cfg.c **** 
 198:.\Generated_Source\PSoC4/cyfitter_cfg.c **** 
 199:.\Generated_Source\PSoC4/cyfitter_cfg.c **** /* Analog API Functions */
 200:.\Generated_Source\PSoC4/cyfitter_cfg.c **** 
 201:.\Generated_Source\PSoC4/cyfitter_cfg.c **** 
 202:.\Generated_Source\PSoC4/cyfitter_cfg.c **** /*******************************************************************************
 203:.\Generated_Source\PSoC4/cyfitter_cfg.c **** * Function Name: AnalogSetDefault
 204:.\Generated_Source\PSoC4/cyfitter_cfg.c **** ********************************************************************************
ARM GAS  C:\Users\Helon\AppData\Local\Temp\cc6MJreW.s 			page 5


 205:.\Generated_Source\PSoC4/cyfitter_cfg.c **** *
 206:.\Generated_Source\PSoC4/cyfitter_cfg.c **** * Summary:
 207:.\Generated_Source\PSoC4/cyfitter_cfg.c **** *  Sets up the analog portions of the chip to default values based on chip
 208:.\Generated_Source\PSoC4/cyfitter_cfg.c **** *  configuration options from the project.
 209:.\Generated_Source\PSoC4/cyfitter_cfg.c **** *
 210:.\Generated_Source\PSoC4/cyfitter_cfg.c **** * Parameters:
 211:.\Generated_Source\PSoC4/cyfitter_cfg.c **** *  void
 212:.\Generated_Source\PSoC4/cyfitter_cfg.c **** *
 213:.\Generated_Source\PSoC4/cyfitter_cfg.c **** * Return:
 214:.\Generated_Source\PSoC4/cyfitter_cfg.c **** *  void
 215:.\Generated_Source\PSoC4/cyfitter_cfg.c **** *
 216:.\Generated_Source\PSoC4/cyfitter_cfg.c **** *******************************************************************************/
 217:.\Generated_Source\PSoC4/cyfitter_cfg.c **** static void AnalogSetDefault(void);
 218:.\Generated_Source\PSoC4/cyfitter_cfg.c **** static void AnalogSetDefault(void)
 219:.\Generated_Source\PSoC4/cyfitter_cfg.c **** {
  25              		.loc 1 219 0
  26              		.cfi_startproc
 220:.\Generated_Source\PSoC4/cyfitter_cfg.c **** 	CY_SET_XTND_REG32((void CYFAR *)CYREG_CTBM0_DFT_CTRL, 0x00000003u);
  27              		.loc 1 220 0
  28 0000 0323     		mov	r3, #3
  29 0002 044A     		ldr	r2, .L2
  30 0004 1360     		str	r3, [r2]
 221:.\Generated_Source\PSoC4/cyfitter_cfg.c **** 	CY_SET_XTND_REG32((void CYFAR *)CYREG_CTBM1_DFT_CTRL, 0x00000003u);
  31              		.loc 1 221 0
  32 0006 044A     		ldr	r2, .L2+4
  33 0008 1360     		str	r3, [r2]
 222:.\Generated_Source\PSoC4/cyfitter_cfg.c **** 	CY_SET_XTND_REG32((void CYFAR *)CYREG_PASS_DSAB_DSAB_CTRL, 0x00000000u);
  34              		.loc 1 222 0
  35 000a 0022     		mov	r2, #0
  36 000c 034B     		ldr	r3, .L2+8
  37 000e 1A60     		str	r2, [r3]
 223:.\Generated_Source\PSoC4/cyfitter_cfg.c **** }
  38              		.loc 1 223 0
  39              		@ sp needed
  40 0010 7047     		bx	lr
  41              	.L3:
  42 0012 C046     		.align	2
  43              	.L2:
  44 0014 30003040 		.word	1076887600
  45 0018 30003140 		.word	1076953136
  46 001c 000E3F40 		.word	1077874176
  47              		.cfi_endproc
  48              	.LFE6:
  49              		.size	AnalogSetDefault, .-AnalogSetDefault
  50              		.section	.text.CYMEMZERO,"ax",%progbits
  51              		.align	2
  52              		.code	16
  53              		.thumb_func
  54              		.type	CYMEMZERO, %function
  55              	CYMEMZERO:
  56              	.LFB2:
  62:.\Generated_Source\PSoC4/cyfitter_cfg.c **** 	(void)memset(s, 0, n);
  57              		.loc 1 62 0
  58              		.cfi_startproc
  59              	.LVL0:
  60 0000 08B5     		push	{r3, lr}
  61              		.cfi_def_cfa_offset 8
ARM GAS  C:\Users\Helon\AppData\Local\Temp\cc6MJreW.s 			page 6


  62              		.cfi_offset 3, -8
  63              		.cfi_offset 14, -4
  64 0002 0A1C     		mov	r2, r1
  63:.\Generated_Source\PSoC4/cyfitter_cfg.c **** }
  65              		.loc 1 63 0
  66 0004 0021     		mov	r1, #0
  67              	.LVL1:
  68 0006 FFF7FEFF 		bl	memset
  69              	.LVL2:
  64:.\Generated_Source\PSoC4/cyfitter_cfg.c **** CY_CFG_UNUSED
  70              		.loc 1 64 0
  71              		@ sp needed
  72 000a 08BD     		pop	{r3, pc}
  73              		.cfi_endproc
  74              	.LFE2:
  75              		.size	CYMEMZERO, .-CYMEMZERO
  76              		.section	.psocinit,"ax",%progbits
  77              		.align	2
  78              		.code	16
  79              		.thumb_func
  80              		.type	ClockSetup, %function
  81              	ClockSetup:
  82              	.LFB5:
 147:.\Generated_Source\PSoC4/cyfitter_cfg.c **** 
  83              		.loc 1 147 0
  84              		.cfi_startproc
  85 0000 38B5     		push	{r3, r4, r5, lr}
  86              		.cfi_def_cfa_offset 16
  87              		.cfi_offset 3, -16
  88              		.cfi_offset 4, -12
  89              		.cfi_offset 5, -8
  90              		.cfi_offset 14, -4
 150:.\Generated_Source\PSoC4/cyfitter_cfg.c **** 
  91              		.loc 1 150 0
  92 0002 1222     		mov	r2, #18
  93 0004 254B     		ldr	r3, .L6
  94 0006 1A60     		str	r2, [r3]
 153:.\Generated_Source\PSoC4/cyfitter_cfg.c **** 	CyDelayCycles(12000000u); /* WCO may take up to 500ms to start */
  95              		.loc 1 153 0
  96 0008 FFF7FEFF 		bl	CySysClkWcoStart
  97              	.LVL3:
 154:.\Generated_Source\PSoC4/cyfitter_cfg.c **** 	(void)CySysClkWcoSetPowerMode(CY_SYS_CLK_WCO_LPM);    /* Switch to the low power mode */
  98              		.loc 1 154 0
  99 000c 2448     		ldr	r0, .L6+4
 100 000e FFF7FEFF 		bl	CyDelayCycles
 101              	.LVL4:
 155:.\Generated_Source\PSoC4/cyfitter_cfg.c **** 
 102              		.loc 1 155 0
 103 0012 0120     		mov	r0, #1
 104 0014 FFF7FEFF 		bl	CySysClkWcoSetPowerMode
 105              	.LVL5:
 158:.\Generated_Source\PSoC4/cyfitter_cfg.c **** 	/* CYDEV_CLK_ILO_CONFIG Starting address: CYDEV_CLK_ILO_CONFIG */
 106              		.loc 1 158 0
 107 0018 3020     		mov	r0, #48
 108 001a FFF7FEFF 		bl	CySysClkWriteImoFreq
 109              	.LVL6:
 160:.\Generated_Source\PSoC4/cyfitter_cfg.c **** 
ARM GAS  C:\Users\Helon\AppData\Local\Temp\cc6MJreW.s 			page 7


 110              		.loc 1 160 0
 111 001e 214A     		ldr	r2, .L6+8
 112 0020 214B     		ldr	r3, .L6+12
 113 0022 1A60     		str	r2, [r3]
 163:.\Generated_Source\PSoC4/cyfitter_cfg.c **** 
 114              		.loc 1 163 0
 115 0024 214C     		ldr	r4, .L6+16
 116 0026 8025     		mov	r5, #128
 117 0028 ED05     		lsl	r5, r5, #23
 118 002a 2560     		str	r5, [r4]
 167:.\Generated_Source\PSoC4/cyfitter_cfg.c **** 	CY_SET_XTND_REG32((void CYFAR *)(CYREG_BLE_BLERD_BB_XO_CAPTRIM), 0x00003E2Du);
 119              		.loc 1 167 0
 120 002c 204A     		ldr	r2, .L6+20
 121 002e 1168     		ldr	r1, [r2]
 122 0030 0223     		mov	r3, #2
 123 0032 0B43     		orr	r3, r1
 124 0034 1360     		str	r3, [r2]
 168:.\Generated_Source\PSoC4/cyfitter_cfg.c **** 	/* Disable Crystal Stable Interrupt before enabling ECO */
 125              		.loc 1 168 0
 126 0036 1F4A     		ldr	r2, .L6+24
 127 0038 1F4B     		ldr	r3, .L6+28
 128 003a 1A60     		str	r2, [r3]
 170:.\Generated_Source\PSoC4/cyfitter_cfg.c **** 	/* Start the ECO and do not check status since it is not needed for HFCLK */
 129              		.loc 1 170 0
 130 003c 1F4A     		ldr	r2, .L6+32
 131 003e 1368     		ldr	r3, [r2]
 132 0040 0821     		mov	r1, #8
 133 0042 8B43     		bic	r3, r1
 134 0044 1360     		str	r3, [r2]
 172:.\Generated_Source\PSoC4/cyfitter_cfg.c **** 	CyDelayUs(1500u); /* Wait to stabalize */
 135              		.loc 1 172 0
 136 0046 FA20     		mov	r0, #250
 137 0048 C000     		lsl	r0, r0, #3
 138 004a FFF7FEFF 		bl	CySysClkEcoStart
 139              	.LVL7:
 173:.\Generated_Source\PSoC4/cyfitter_cfg.c **** 
 140              		.loc 1 173 0
 141 004e 1C48     		ldr	r0, .L6+36
 142 0050 FFF7FEFF 		bl	CyDelayUs
 143              	.LVL8:
 176:.\Generated_Source\PSoC4/cyfitter_cfg.c **** 	CY_SET_REG32((void *)CYREG_PERI_DIV_CMD, 0x8000FF41u);
 144              		.loc 1 176 0
 145 0054 1B4A     		ldr	r2, .L6+40
 146 0056 1C4B     		ldr	r3, .L6+44
 147 0058 1A60     		str	r2, [r3]
 177:.\Generated_Source\PSoC4/cyfitter_cfg.c **** 	CY_SET_REG32((void *)CYREG_PERI_DIV_16_CTL0, 0x00002200u);
 148              		.loc 1 177 0
 149 005a 1C4B     		ldr	r3, .L6+48
 150 005c 1C4A     		ldr	r2, .L6+52
 151 005e 1A60     		str	r2, [r3]
 178:.\Generated_Source\PSoC4/cyfitter_cfg.c **** 	CY_SET_REG32((void *)CYREG_PERI_DIV_CMD, 0x8000FF40u);
 152              		.loc 1 178 0
 153 0060 8821     		mov	r1, #136
 154 0062 8901     		lsl	r1, r1, #6
 155 0064 1B4A     		ldr	r2, .L6+56
 156 0066 1160     		str	r1, [r2]
 179:.\Generated_Source\PSoC4/cyfitter_cfg.c **** 
ARM GAS  C:\Users\Helon\AppData\Local\Temp\cc6MJreW.s 			page 8


 157              		.loc 1 179 0
 158 0068 1B4A     		ldr	r2, .L6+60
 159 006a 1A60     		str	r2, [r3]
 182:.\Generated_Source\PSoC4/cyfitter_cfg.c **** 
 160              		.loc 1 182 0
 161 006c 8022     		mov	r2, #128
 162 006e 1206     		lsl	r2, r2, #24
 163 0070 1A4B     		ldr	r3, .L6+64
 164 0072 1A60     		str	r2, [r3]
 185:.\Generated_Source\PSoC4/cyfitter_cfg.c **** 
 165              		.loc 1 185 0
 166 0074 8022     		mov	r2, #128
 167 0076 D202     		lsl	r2, r2, #11
 168 0078 194B     		ldr	r3, .L6+68
 169 007a 1A60     		str	r2, [r3]
 188:.\Generated_Source\PSoC4/cyfitter_cfg.c **** 
 170              		.loc 1 188 0
 171 007c 4122     		mov	r2, #65
 172 007e 194B     		ldr	r3, .L6+72
 173 0080 1A60     		str	r2, [r3]
 191:.\Generated_Source\PSoC4/cyfitter_cfg.c **** 
 174              		.loc 1 191 0
 175 0082 013A     		sub	r2, r2, #1
 176 0084 184B     		ldr	r3, .L6+76
 177 0086 1A60     		str	r2, [r3]
 193:.\Generated_Source\PSoC4/cyfitter_cfg.c **** 	CyIntEnable(8u);
 178              		.loc 1 193 0
 179 0088 0820     		mov	r0, #8
 180 008a 1849     		ldr	r1, .L6+80
 181 008c FFF7FEFF 		bl	CyIntSetVector
 182              	.LVL9:
 194:.\Generated_Source\PSoC4/cyfitter_cfg.c **** 	CY_SET_XTND_REG32((void CYFAR *)(CYREG_WDT_CONFIG), 0x40000000u);
 183              		.loc 1 194 0
 184 0090 0820     		mov	r0, #8
 185 0092 FFF7FEFF 		bl	CyIntEnable
 186              	.LVL10:
 195:.\Generated_Source\PSoC4/cyfitter_cfg.c **** }
 187              		.loc 1 195 0
 188 0096 2560     		str	r5, [r4]
 196:.\Generated_Source\PSoC4/cyfitter_cfg.c **** 
 189              		.loc 1 196 0
 190              		@ sp needed
 191 0098 38BD     		pop	{r3, r4, r5, pc}
 192              	.L7:
 193 009a C046     		.align	2
 194              	.L6:
 195 009c 30001040 		.word	1074790448
 196 00a0 001BB700 		.word	12000000
 197 00a4 06000080 		.word	-2147483642
 198 00a8 04010B40 		.word	1074462980
 199 00ac 0C020B40 		.word	1074463244
 200 00b0 78002E40 		.word	1076756600
 201 00b4 2D3E0000 		.word	15917
 202 00b8 7C002E40 		.word	1076756604
 203 00bc 6CF02E40 		.word	1076818028
 204 00c0 DC050000 		.word	1500
 205 00c4 007F2500 		.word	2457344
ARM GAS  C:\Users\Helon\AppData\Local\Temp\cc6MJreW.s 			page 9


 206 00c8 04030140 		.word	1073808132
 207 00cc 00000140 		.word	1073807360
 208 00d0 41FF0080 		.word	-2147418303
 209 00d4 00030140 		.word	1073808128
 210 00d8 40FF0080 		.word	-2147418304
 211 00dc 08010B40 		.word	1074462984
 212 00e0 00010B40 		.word	1074462976
 213 00e4 1C010140 		.word	1073807644
 214 00e8 04010140 		.word	1073807620
 215 00ec 00000000 		.word	CySysWdtIsr
 216              		.cfi_endproc
 217              	.LFE5:
 218              		.size	ClockSetup, .-ClockSetup
 219              		.align	2
 220              		.global	cyfitter_cfg
 221              		.code	16
 222              		.thumb_func
 223              		.type	cyfitter_cfg, %function
 224              	cyfitter_cfg:
 225              	.LFB7:
 224:.\Generated_Source\PSoC4/cyfitter_cfg.c **** 
 225:.\Generated_Source\PSoC4/cyfitter_cfg.c **** #define CY_AMUX_UNUSED CYREG_CM0_ROM_DWT
 226:.\Generated_Source\PSoC4/cyfitter_cfg.c **** 
 227:.\Generated_Source\PSoC4/cyfitter_cfg.c **** 
 228:.\Generated_Source\PSoC4/cyfitter_cfg.c **** /*******************************************************************************
 229:.\Generated_Source\PSoC4/cyfitter_cfg.c **** * Function Name: cyfitter_cfg
 230:.\Generated_Source\PSoC4/cyfitter_cfg.c **** ********************************************************************************
 231:.\Generated_Source\PSoC4/cyfitter_cfg.c **** * Summary:
 232:.\Generated_Source\PSoC4/cyfitter_cfg.c **** *  This function is called by the start-up code for the selected device. It
 233:.\Generated_Source\PSoC4/cyfitter_cfg.c **** *  performs all of the necessary device configuration based on the design
 234:.\Generated_Source\PSoC4/cyfitter_cfg.c **** *  settings.  This includes settings from the Design Wide Resources (DWR) such
 235:.\Generated_Source\PSoC4/cyfitter_cfg.c **** *  as Clocks and Pins as well as any component configuration that is necessary.
 236:.\Generated_Source\PSoC4/cyfitter_cfg.c **** *
 237:.\Generated_Source\PSoC4/cyfitter_cfg.c **** * Parameters:  
 238:.\Generated_Source\PSoC4/cyfitter_cfg.c **** *   void
 239:.\Generated_Source\PSoC4/cyfitter_cfg.c **** *
 240:.\Generated_Source\PSoC4/cyfitter_cfg.c **** * Return:
 241:.\Generated_Source\PSoC4/cyfitter_cfg.c **** *   void
 242:.\Generated_Source\PSoC4/cyfitter_cfg.c **** *
 243:.\Generated_Source\PSoC4/cyfitter_cfg.c **** *******************************************************************************/
 244:.\Generated_Source\PSoC4/cyfitter_cfg.c **** CY_CFG_SECTION
 245:.\Generated_Source\PSoC4/cyfitter_cfg.c **** void cyfitter_cfg(void)
 246:.\Generated_Source\PSoC4/cyfitter_cfg.c **** {
 226              		.loc 1 246 0
 227              		.cfi_startproc
 228 00f0 10B5     		push	{r4, lr}
 229              		.cfi_def_cfa_offset 8
 230              		.cfi_offset 4, -8
 231              		.cfi_offset 14, -4
 247:.\Generated_Source\PSoC4/cyfitter_cfg.c **** 	/* Disable interrupts by default. Let user enable if/when they want. */
 248:.\Generated_Source\PSoC4/cyfitter_cfg.c **** 	CyGlobalIntDisable;
 232              		.loc 1 248 0
 233              	@ 248 ".\Generated_Source\PSoC4\cyfitter_cfg.c" 1
 234 00f2 72B6     		CPSID   i
 235              	@ 0 "" 2
 249:.\Generated_Source\PSoC4/cyfitter_cfg.c **** 
 250:.\Generated_Source\PSoC4/cyfitter_cfg.c **** 	CY_SET_XTND_REG32((void CYFAR *)(CYREG_BLE_BLESS_LL_DSM_CTRL), 0x00000000u);
ARM GAS  C:\Users\Helon\AppData\Local\Temp\cc6MJreW.s 			page 10


 236              		.loc 1 250 0
 237              		.code	16
 238 00f4 0022     		mov	r2, #0
 239 00f6 2D4B     		ldr	r3, .L11
 240 00f8 1A60     		str	r2, [r3]
 241              	.LVL11:
 242              	.LBB2:
 251:.\Generated_Source\PSoC4/cyfitter_cfg.c **** 
 252:.\Generated_Source\PSoC4/cyfitter_cfg.c **** 	{
 253:.\Generated_Source\PSoC4/cyfitter_cfg.c **** 
 254:.\Generated_Source\PSoC4/cyfitter_cfg.c **** 		CYPACKED typedef struct {
 255:.\Generated_Source\PSoC4/cyfitter_cfg.c **** 			void CYFAR *address;
 256:.\Generated_Source\PSoC4/cyfitter_cfg.c **** 			uint16 size;
 257:.\Generated_Source\PSoC4/cyfitter_cfg.c **** 		} CYPACKED_ATTR cfg_memset_t;
 258:.\Generated_Source\PSoC4/cyfitter_cfg.c **** 
 259:.\Generated_Source\PSoC4/cyfitter_cfg.c **** 		static const cfg_memset_t CYCODE cfg_memset_list [] = {
 260:.\Generated_Source\PSoC4/cyfitter_cfg.c **** 			/* address, size */
 261:.\Generated_Source\PSoC4/cyfitter_cfg.c **** 			{(void CYFAR *)(CYDEV_UDB_P0_U0_BASE), 1024u},
 262:.\Generated_Source\PSoC4/cyfitter_cfg.c **** 			{(void CYFAR *)(CYDEV_UDB_DSI0_BASE), 1024u},
 263:.\Generated_Source\PSoC4/cyfitter_cfg.c **** 		};
 264:.\Generated_Source\PSoC4/cyfitter_cfg.c **** 
 265:.\Generated_Source\PSoC4/cyfitter_cfg.c **** 		uint8 CYDATA i;
 266:.\Generated_Source\PSoC4/cyfitter_cfg.c **** 
 267:.\Generated_Source\PSoC4/cyfitter_cfg.c **** 		/* Zero out critical memory blocks before beginning configuration */
 268:.\Generated_Source\PSoC4/cyfitter_cfg.c **** 		for (i = 0u; i < (sizeof(cfg_memset_list)/sizeof(cfg_memset_list[0])); i++)
 243              		.loc 1 268 0
 244 00fa 0024     		mov	r4, #0
 245 00fc 10E0     		b	.L9
 246              	.LVL12:
 247              	.L10:
 248              	.LBB3:
 269:.\Generated_Source\PSoC4/cyfitter_cfg.c **** 		{
 270:.\Generated_Source\PSoC4/cyfitter_cfg.c **** 			const cfg_memset_t CYCODE * CYDATA ms = &cfg_memset_list[i];
 271:.\Generated_Source\PSoC4/cyfitter_cfg.c **** 			CYMEMZERO(ms->address, (size_t)(uint32)(ms->size));
 249              		.loc 1 271 0 discriminator 3
 250 00fe 2C48     		ldr	r0, .L11+4
 251 0100 6300     		lsl	r3, r4, #1
 252 0102 1A19     		add	r2, r3, r4
 253 0104 5200     		lsl	r2, r2, #1
 254 0106 8218     		add	r2, r0, r2
 255 0108 9188     		ldrh	r1, [r2, #4]
 256 010a 1B19     		add	r3, r3, r4
 257 010c 5B00     		lsl	r3, r3, #1
 258 010e 1A5A     		ldrh	r2, [r3, r0]
 259 0110 C318     		add	r3, r0, r3
 260 0112 5888     		ldrh	r0, [r3, #2]
 261 0114 0004     		lsl	r0, r0, #16
 262 0116 1043     		orr	r0, r2
 263 0118 FFF7FEFF 		bl	CYMEMZERO
 264              	.LVL13:
 265              	.LBE3:
 268:.\Generated_Source\PSoC4/cyfitter_cfg.c **** 		{
 266              		.loc 1 268 0 discriminator 3
 267 011c 0134     		add	r4, r4, #1
 268              	.LVL14:
 269 011e E4B2     		uxtb	r4, r4
 270              	.LVL15:
ARM GAS  C:\Users\Helon\AppData\Local\Temp\cc6MJreW.s 			page 11


 271              	.L9:
 268:.\Generated_Source\PSoC4/cyfitter_cfg.c **** 		{
 272              		.loc 1 268 0 is_stmt 0 discriminator 1
 273 0120 012C     		cmp	r4, #1
 274 0122 ECD9     		bls	.L10
 272:.\Generated_Source\PSoC4/cyfitter_cfg.c **** 		}
 273:.\Generated_Source\PSoC4/cyfitter_cfg.c **** 
 274:.\Generated_Source\PSoC4/cyfitter_cfg.c **** 		/* HSIOM Starting address: CYDEV_HSIOM_BASE */
 275:.\Generated_Source\PSoC4/cyfitter_cfg.c **** 		CY_SET_XTND_REG32((void CYFAR *)(CYDEV_HSIOM_BASE), 0xEE000000u);
 275              		.loc 1 275 0 is_stmt 1
 276 0124 EE22     		mov	r2, #238
 277 0126 1206     		lsl	r2, r2, #24
 278 0128 224B     		ldr	r3, .L11+8
 279 012a 1A60     		str	r2, [r3]
 276:.\Generated_Source\PSoC4/cyfitter_cfg.c **** 		CY_SET_XTND_REG32((void CYFAR *)(CYREG_HSIOM_PORT_SEL1), 0x00990000u);
 280              		.loc 1 276 0
 281 012c 9923     		mov	r3, #153
 282 012e 1B04     		lsl	r3, r3, #16
 283 0130 214A     		ldr	r2, .L11+12
 284 0132 1360     		str	r3, [r2]
 277:.\Generated_Source\PSoC4/cyfitter_cfg.c **** 
 278:.\Generated_Source\PSoC4/cyfitter_cfg.c **** 		/* UDB_PA_0 Starting address: CYDEV_UDB_PA0_BASE */
 279:.\Generated_Source\PSoC4/cyfitter_cfg.c **** 		CY_SET_XTND_REG32((void CYFAR *)(CYDEV_UDB_PA0_BASE), 0x00990000u);
 285              		.loc 1 279 0
 286 0134 214A     		ldr	r2, .L11+16
 287 0136 1360     		str	r3, [r2]
 280:.\Generated_Source\PSoC4/cyfitter_cfg.c **** 
 281:.\Generated_Source\PSoC4/cyfitter_cfg.c **** 		/* UDB_PA_1 Starting address: CYDEV_UDB_PA1_BASE */
 282:.\Generated_Source\PSoC4/cyfitter_cfg.c **** 		CY_SET_XTND_REG32((void CYFAR *)(CYDEV_UDB_PA1_BASE), 0x00990000u);
 288              		.loc 1 282 0
 289 0138 214A     		ldr	r2, .L11+20
 290 013a 1360     		str	r3, [r2]
 283:.\Generated_Source\PSoC4/cyfitter_cfg.c **** 
 284:.\Generated_Source\PSoC4/cyfitter_cfg.c **** 		/* UDB_PA_2 Starting address: CYDEV_UDB_PA2_BASE */
 285:.\Generated_Source\PSoC4/cyfitter_cfg.c **** 		CY_SET_XTND_REG32((void CYFAR *)(CYDEV_UDB_PA2_BASE), 0x00990000u);
 291              		.loc 1 285 0
 292 013c 214A     		ldr	r2, .L11+24
 293 013e 1360     		str	r3, [r2]
 286:.\Generated_Source\PSoC4/cyfitter_cfg.c **** 
 287:.\Generated_Source\PSoC4/cyfitter_cfg.c **** 		/* UDB_PA_3 Starting address: CYDEV_UDB_PA3_BASE */
 288:.\Generated_Source\PSoC4/cyfitter_cfg.c **** 		CY_SET_XTND_REG32((void CYFAR *)(CYDEV_UDB_PA3_BASE), 0x00990000u);
 294              		.loc 1 288 0
 295 0140 214A     		ldr	r2, .L11+28
 296 0142 1360     		str	r3, [r2]
 289:.\Generated_Source\PSoC4/cyfitter_cfg.c **** 
 290:.\Generated_Source\PSoC4/cyfitter_cfg.c **** 		/* Enable digital routing */
 291:.\Generated_Source\PSoC4/cyfitter_cfg.c **** 		CY_SET_XTND_REG8((void *)CYREG_UDB_UDBIF_BANK_CTL, CY_GET_XTND_REG8((void *)CYREG_UDB_UDBIF_BANK_
 297              		.loc 1 291 0
 298 0144 214B     		ldr	r3, .L11+32
 299 0146 1978     		ldrb	r1, [r3]
 300 0148 0222     		mov	r2, #2
 301 014a 0A43     		orr	r2, r1
 302 014c 1A70     		strb	r2, [r3]
 292:.\Generated_Source\PSoC4/cyfitter_cfg.c **** 
 293:.\Generated_Source\PSoC4/cyfitter_cfg.c **** 		/* Enable UDB array */
 294:.\Generated_Source\PSoC4/cyfitter_cfg.c **** 		CY_SET_XTND_REG8((void *)CYREG_UDB_UDBIF_WAIT_CFG, (uint8)((CY_GET_XTND_REG8((void *)CYREG_UDB_UD
 303              		.loc 1 294 0
ARM GAS  C:\Users\Helon\AppData\Local\Temp\cc6MJreW.s 			page 12


 304 014e 2048     		ldr	r0, .L11+36
 305 0150 0278     		ldrb	r2, [r0]
 306 0152 3C21     		mov	r1, #60
 307 0154 8A43     		bic	r2, r1
 308 0156 2839     		sub	r1, r1, #40
 309 0158 0A43     		orr	r2, r1
 310 015a 0270     		strb	r2, [r0]
 295:.\Generated_Source\PSoC4/cyfitter_cfg.c **** 		CY_SET_XTND_REG8((void *)CYREG_UDB_UDBIF_BANK_CTL, (uint8)(CY_GET_XTND_REG8((void *)CYREG_UDB_UDB
 311              		.loc 1 295 0
 312 015c 1978     		ldrb	r1, [r3]
 313 015e 1622     		mov	r2, #22
 314 0160 0A43     		orr	r2, r1
 315 0162 1A70     		strb	r2, [r3]
 316              	.LBE2:
 296:.\Generated_Source\PSoC4/cyfitter_cfg.c **** 	}
 297:.\Generated_Source\PSoC4/cyfitter_cfg.c **** 
 298:.\Generated_Source\PSoC4/cyfitter_cfg.c **** 	/* Perform second pass device configuration. These items must be configured in specific order afte
 299:.\Generated_Source\PSoC4/cyfitter_cfg.c **** 	/* IOPINS0_0 Starting address: CYDEV_GPIO_PRT0_BASE */
 300:.\Generated_Source\PSoC4/cyfitter_cfg.c **** 	CY_SET_XTND_REG32((void CYFAR *)(CYREG_GPIO_PRT0_PC), 0x00D80000u);
 317              		.loc 1 300 0
 318 0164 D822     		mov	r2, #216
 319 0166 1204     		lsl	r2, r2, #16
 320 0168 1A4B     		ldr	r3, .L11+40
 321 016a 1A60     		str	r2, [r3]
 301:.\Generated_Source\PSoC4/cyfitter_cfg.c **** 
 302:.\Generated_Source\PSoC4/cyfitter_cfg.c **** 	/* IOPINS0_1 Starting address: CYDEV_GPIO_PRT1_BASE */
 303:.\Generated_Source\PSoC4/cyfitter_cfg.c **** 	CY_SET_XTND_REG32((void CYFAR *)(CYDEV_GPIO_PRT1_BASE), 0x00000020u);
 322              		.loc 1 303 0
 323 016c 2023     		mov	r3, #32
 324 016e 1A4A     		ldr	r2, .L11+44
 325 0170 1360     		str	r3, [r2]
 304:.\Generated_Source\PSoC4/cyfitter_cfg.c **** 	CY_SET_XTND_REG32((void CYFAR *)(CYREG_GPIO_PRT1_PC), 0x00031000u);
 326              		.loc 1 304 0
 327 0172 C421     		mov	r1, #196
 328 0174 8902     		lsl	r1, r1, #10
 329 0176 194A     		ldr	r2, .L11+48
 330 0178 1160     		str	r1, [r2]
 305:.\Generated_Source\PSoC4/cyfitter_cfg.c **** 	CY_SET_XTND_REG32((void CYFAR *)(CYREG_GPIO_PRT1_INTR_CFG), 0x00000200u);
 331              		.loc 1 305 0
 332 017a 8021     		mov	r1, #128
 333 017c 8900     		lsl	r1, r1, #2
 334 017e 184A     		ldr	r2, .L11+52
 335 0180 1160     		str	r1, [r2]
 306:.\Generated_Source\PSoC4/cyfitter_cfg.c **** 	CY_SET_XTND_REG32((void CYFAR *)(CYREG_GPIO_PRT1_PC2), 0x00000020u);
 336              		.loc 1 306 0
 337 0182 184A     		ldr	r2, .L11+56
 338 0184 1360     		str	r3, [r2]
 307:.\Generated_Source\PSoC4/cyfitter_cfg.c **** 
 308:.\Generated_Source\PSoC4/cyfitter_cfg.c **** 	/* IOPINS0_2 Starting address: CYDEV_GPIO_PRT2_BASE */
 309:.\Generated_Source\PSoC4/cyfitter_cfg.c **** 	CY_SET_XTND_REG32((void CYFAR *)(CYDEV_GPIO_PRT2_BASE), 0x00000048u);
 339              		.loc 1 309 0
 340 0186 4822     		mov	r2, #72
 341 0188 174B     		ldr	r3, .L11+60
 342 018a 1A60     		str	r2, [r3]
 310:.\Generated_Source\PSoC4/cyfitter_cfg.c **** 	CY_SET_XTND_REG32((void CYFAR *)(CYREG_GPIO_PRT2_PC), 0x00180C00u);
 343              		.loc 1 310 0
 344 018c 174A     		ldr	r2, .L11+64
ARM GAS  C:\Users\Helon\AppData\Local\Temp\cc6MJreW.s 			page 13


 345 018e 184B     		ldr	r3, .L11+68
 346 0190 1A60     		str	r2, [r3]
 311:.\Generated_Source\PSoC4/cyfitter_cfg.c **** 
 312:.\Generated_Source\PSoC4/cyfitter_cfg.c **** 	/* IOPINS0_3 Starting address: CYDEV_GPIO_PRT3_BASE */
 313:.\Generated_Source\PSoC4/cyfitter_cfg.c **** 	CY_SET_XTND_REG32((void CYFAR *)(CYDEV_GPIO_PRT3_BASE), 0x00000040u);
 347              		.loc 1 313 0
 348 0192 4022     		mov	r2, #64
 349 0194 174B     		ldr	r3, .L11+72
 350 0196 1A60     		str	r2, [r3]
 314:.\Generated_Source\PSoC4/cyfitter_cfg.c **** 	CY_SET_XTND_REG32((void CYFAR *)(CYREG_GPIO_PRT3_PC), 0x00180000u);
 351              		.loc 1 314 0
 352 0198 C022     		mov	r2, #192
 353 019a 5203     		lsl	r2, r2, #13
 354 019c 164B     		ldr	r3, .L11+76
 355 019e 1A60     		str	r2, [r3]
 315:.\Generated_Source\PSoC4/cyfitter_cfg.c **** 
 316:.\Generated_Source\PSoC4/cyfitter_cfg.c **** 
 317:.\Generated_Source\PSoC4/cyfitter_cfg.c **** 	/* Setup clocks based on selections from Clock DWR */
 318:.\Generated_Source\PSoC4/cyfitter_cfg.c **** 	ClockSetup();
 356              		.loc 1 318 0
 357 01a0 FFF72EFF 		bl	ClockSetup
 358              	.LVL16:
 319:.\Generated_Source\PSoC4/cyfitter_cfg.c **** 
 320:.\Generated_Source\PSoC4/cyfitter_cfg.c **** 	/* Perform basic analog initialization to defaults */
 321:.\Generated_Source\PSoC4/cyfitter_cfg.c **** 	AnalogSetDefault();
 359              		.loc 1 321 0
 360 01a4 FFF7FEFF 		bl	AnalogSetDefault
 361              	.LVL17:
 322:.\Generated_Source\PSoC4/cyfitter_cfg.c **** 
 323:.\Generated_Source\PSoC4/cyfitter_cfg.c **** }
 362              		.loc 1 323 0
 363              		@ sp needed
 364              	.LVL18:
 365 01a8 10BD     		pop	{r4, pc}
 366              	.L12:
 367 01aa C046     		.align	2
 368              	.L11:
 369 01ac 6CF02E40 		.word	1076818028
 370 01b0 00000000 		.word	.LANCHOR0
 371 01b4 00000240 		.word	1073872896
 372 01b8 00010240 		.word	1073873152
 373 01bc 00500F40 		.word	1074745344
 374 01c0 10500F40 		.word	1074745360
 375 01c4 20500F40 		.word	1074745376
 376 01c8 30500F40 		.word	1074745392
 377 01cc 00700F40 		.word	1074753536
 378 01d0 01700F40 		.word	1074753537
 379 01d4 08000440 		.word	1074003976
 380 01d8 00010440 		.word	1074004224
 381 01dc 08010440 		.word	1074004232
 382 01e0 0C010440 		.word	1074004236
 383 01e4 18010440 		.word	1074004248
 384 01e8 00020440 		.word	1074004480
 385 01ec 000C1800 		.word	1575936
 386 01f0 08020440 		.word	1074004488
 387 01f4 00030440 		.word	1074004736
 388 01f8 08030440 		.word	1074004744
ARM GAS  C:\Users\Helon\AppData\Local\Temp\cc6MJreW.s 			page 14


 389              		.cfi_endproc
 390              	.LFE7:
 391              		.size	cyfitter_cfg, .-cyfitter_cfg
 392              		.section	.rodata
 393              		.align	2
 394              		.set	.LANCHOR0,. + 0
 395              		.type	cfg_memset_list.4742, %object
 396              		.size	cfg_memset_list.4742, 12
 397              	cfg_memset_list.4742:
 398 0000 00300F40 		.word	1074737152
 399 0004 0004     		.short	1024
 400 0006 00400F40 		.4byte	1074741248
 401 000a 0004     		.short	1024
 402              		.text
 403              	.Letext0:
 404              		.file 2 "c:\\program files (x86)\\cypress\\psoc creator\\3.3\\psoc creator\\import\\gnu\\arm\\4.9.
 405              		.file 3 ".\\Generated_Source\\PSoC4\\cytypes.h"
 406              		.file 4 ".\\Generated_Source\\PSoC4\\CyLib.h"
 407              		.file 5 ".\\Generated_Source\\PSoC4\\CyLFClk.h"
 408              		.section	.debug_info,"",%progbits
 409              	.Ldebug_info0:
 410 0000 68030000 		.4byte	0x368
 411 0004 0400     		.2byte	0x4
 412 0006 00000000 		.4byte	.Ldebug_abbrev0
 413 000a 04       		.byte	0x4
 414 000b 01       		.uleb128 0x1
 415 000c 1F020000 		.4byte	.LASF34
 416 0010 01       		.byte	0x1
 417 0011 C0010000 		.4byte	.LASF35
 418 0015 3C010000 		.4byte	.LASF36
 419 0019 00000000 		.4byte	.Ldebug_ranges0+0
 420 001d 00000000 		.4byte	0
 421 0021 00000000 		.4byte	.Ldebug_line0
 422 0025 02       		.uleb128 0x2
 423 0026 04       		.byte	0x4
 424 0027 05       		.byte	0x5
 425 0028 696E7400 		.ascii	"int\000"
 426 002c 03       		.uleb128 0x3
 427 002d 14000000 		.4byte	.LASF11
 428 0031 02       		.byte	0x2
 429 0032 D4       		.byte	0xd4
 430 0033 37000000 		.4byte	0x37
 431 0037 04       		.uleb128 0x4
 432 0038 04       		.byte	0x4
 433 0039 07       		.byte	0x7
 434 003a 03010000 		.4byte	.LASF0
 435 003e 04       		.uleb128 0x4
 436 003f 01       		.byte	0x1
 437 0040 06       		.byte	0x6
 438 0041 D5020000 		.4byte	.LASF1
 439 0045 04       		.uleb128 0x4
 440 0046 01       		.byte	0x1
 441 0047 08       		.byte	0x8
 442 0048 C4000000 		.4byte	.LASF2
 443 004c 04       		.uleb128 0x4
 444 004d 02       		.byte	0x2
 445 004e 05       		.byte	0x5
ARM GAS  C:\Users\Helon\AppData\Local\Temp\cc6MJreW.s 			page 15


 446 004f AD020000 		.4byte	.LASF3
 447 0053 04       		.uleb128 0x4
 448 0054 02       		.byte	0x2
 449 0055 07       		.byte	0x7
 450 0056 56000000 		.4byte	.LASF4
 451 005a 04       		.uleb128 0x4
 452 005b 04       		.byte	0x4
 453 005c 05       		.byte	0x5
 454 005d CC020000 		.4byte	.LASF5
 455 0061 04       		.uleb128 0x4
 456 0062 04       		.byte	0x4
 457 0063 07       		.byte	0x7
 458 0064 91000000 		.4byte	.LASF6
 459 0068 04       		.uleb128 0x4
 460 0069 08       		.byte	0x8
 461 006a 05       		.byte	0x5
 462 006b F1010000 		.4byte	.LASF7
 463 006f 04       		.uleb128 0x4
 464 0070 08       		.byte	0x8
 465 0071 07       		.byte	0x7
 466 0072 25010000 		.4byte	.LASF8
 467 0076 04       		.uleb128 0x4
 468 0077 04       		.byte	0x4
 469 0078 07       		.byte	0x7
 470 0079 E8010000 		.4byte	.LASF9
 471 007d 05       		.uleb128 0x5
 472 007e 04       		.byte	0x4
 473 007f 06       		.uleb128 0x6
 474 0080 04       		.byte	0x4
 475 0081 85000000 		.4byte	0x85
 476 0085 07       		.uleb128 0x7
 477 0086 04       		.uleb128 0x4
 478 0087 01       		.byte	0x1
 479 0088 08       		.byte	0x8
 480 0089 09020000 		.4byte	.LASF10
 481 008d 03       		.uleb128 0x3
 482 008e A3000000 		.4byte	.LASF12
 483 0092 03       		.byte	0x3
 484 0093 C2       		.byte	0xc2
 485 0094 45000000 		.4byte	0x45
 486 0098 03       		.uleb128 0x3
 487 0099 EC000000 		.4byte	.LASF13
 488 009d 03       		.byte	0x3
 489 009e C3       		.byte	0xc3
 490 009f 53000000 		.4byte	0x53
 491 00a3 03       		.uleb128 0x3
 492 00a4 FC000000 		.4byte	.LASF14
 493 00a8 03       		.byte	0x3
 494 00a9 C4       		.byte	0xc4
 495 00aa 61000000 		.4byte	0x61
 496 00ae 04       		.uleb128 0x4
 497 00af 04       		.byte	0x4
 498 00b0 04       		.byte	0x4
 499 00b1 69000000 		.4byte	.LASF15
 500 00b5 04       		.uleb128 0x4
 501 00b6 08       		.byte	0x8
 502 00b7 04       		.byte	0x4
ARM GAS  C:\Users\Helon\AppData\Local\Temp\cc6MJreW.s 			page 16


 503 00b8 D9000000 		.4byte	.LASF16
 504 00bc 08       		.uleb128 0x8
 505 00bd F3000000 		.4byte	.LASF17
 506 00c1 03       		.byte	0x3
 507 00c2 6401     		.2byte	0x164
 508 00c4 61000000 		.4byte	0x61
 509 00c8 08       		.uleb128 0x8
 510 00c9 8C000000 		.4byte	.LASF18
 511 00cd 03       		.byte	0x3
 512 00ce 6C01     		.2byte	0x16c
 513 00d0 D4000000 		.4byte	0xd4
 514 00d4 09       		.uleb128 0x9
 515 00d5 8D000000 		.4byte	0x8d
 516 00d9 08       		.uleb128 0x8
 517 00da 0E000000 		.4byte	.LASF19
 518 00de 03       		.byte	0x3
 519 00df 6E01     		.2byte	0x16e
 520 00e1 E5000000 		.4byte	0xe5
 521 00e5 09       		.uleb128 0x9
 522 00e6 A3000000 		.4byte	0xa3
 523 00ea 08       		.uleb128 0x8
 524 00eb A6010000 		.4byte	.LASF20
 525 00ef 03       		.byte	0x3
 526 00f0 7E01     		.2byte	0x17e
 527 00f2 7F000000 		.4byte	0x7f
 528 00f6 0A       		.uleb128 0xa
 529 00f7 1B000000 		.4byte	.LASF37
 530 00fb 01       		.byte	0x1
 531 00fc DA       		.byte	0xda
 532 00fd 00000000 		.4byte	.LFB6
 533 0101 20000000 		.4byte	.LFE6-.LFB6
 534 0105 01       		.uleb128 0x1
 535 0106 9C       		.byte	0x9c
 536 0107 0B       		.uleb128 0xb
 537 0108 BA000000 		.4byte	.LASF21
 538 010c 01       		.byte	0x1
 539 010d 3D       		.byte	0x3d
 540 010e 00000000 		.4byte	.LFB2
 541 0112 0C000000 		.4byte	.LFE2-.LFB2
 542 0116 01       		.uleb128 0x1
 543 0117 9C       		.byte	0x9c
 544 0118 54010000 		.4byte	0x154
 545 011c 0C       		.uleb128 0xc
 546 011d 7300     		.ascii	"s\000"
 547 011f 01       		.byte	0x1
 548 0120 3D       		.byte	0x3d
 549 0121 7D000000 		.4byte	0x7d
 550 0125 00000000 		.4byte	.LLST0
 551 0129 0C       		.uleb128 0xc
 552 012a 6E00     		.ascii	"n\000"
 553 012c 01       		.byte	0x1
 554 012d 3D       		.byte	0x3d
 555 012e 2C000000 		.4byte	0x2c
 556 0132 21000000 		.4byte	.LLST1
 557 0136 0D       		.uleb128 0xd
 558 0137 0A000000 		.4byte	.LVL2
 559 013b C3020000 		.4byte	0x2c3
ARM GAS  C:\Users\Helon\AppData\Local\Temp\cc6MJreW.s 			page 17


 560 013f 0E       		.uleb128 0xe
 561 0140 01       		.uleb128 0x1
 562 0141 52       		.byte	0x52
 563 0142 03       		.uleb128 0x3
 564 0143 F3       		.byte	0xf3
 565 0144 01       		.uleb128 0x1
 566 0145 51       		.byte	0x51
 567 0146 0E       		.uleb128 0xe
 568 0147 01       		.uleb128 0x1
 569 0148 51       		.byte	0x51
 570 0149 01       		.uleb128 0x1
 571 014a 30       		.byte	0x30
 572 014b 0E       		.uleb128 0xe
 573 014c 01       		.uleb128 0x1
 574 014d 50       		.byte	0x50
 575 014e 03       		.uleb128 0x3
 576 014f F3       		.byte	0xf3
 577 0150 01       		.uleb128 0x1
 578 0151 50       		.byte	0x50
 579 0152 00       		.byte	0
 580 0153 00       		.byte	0
 581 0154 0B       		.uleb128 0xb
 582 0155 4B000000 		.4byte	.LASF22
 583 0159 01       		.byte	0x1
 584 015a 92       		.byte	0x92
 585 015b 00000000 		.4byte	.LFB5
 586 015f F0000000 		.4byte	.LFE5-.LFB5
 587 0163 01       		.uleb128 0x1
 588 0164 9C       		.byte	0x9c
 589 0165 FD010000 		.4byte	0x1fd
 590 0169 0F       		.uleb128 0xf
 591 016a 0C000000 		.4byte	.LVL3
 592 016e E0020000 		.4byte	0x2e0
 593 0172 10       		.uleb128 0x10
 594 0173 12000000 		.4byte	.LVL4
 595 0177 E7020000 		.4byte	0x2e7
 596 017b 89010000 		.4byte	0x189
 597 017f 0E       		.uleb128 0xe
 598 0180 01       		.uleb128 0x1
 599 0181 50       		.byte	0x50
 600 0182 05       		.uleb128 0x5
 601 0183 0C       		.byte	0xc
 602 0184 001BB700 		.4byte	0xb71b00
 603 0188 00       		.byte	0
 604 0189 10       		.uleb128 0x10
 605 018a 18000000 		.4byte	.LVL5
 606 018e F8020000 		.4byte	0x2f8
 607 0192 9C010000 		.4byte	0x19c
 608 0196 0E       		.uleb128 0xe
 609 0197 01       		.uleb128 0x1
 610 0198 50       		.byte	0x50
 611 0199 01       		.uleb128 0x1
 612 019a 31       		.byte	0x31
 613 019b 00       		.byte	0
 614 019c 10       		.uleb128 0x10
 615 019d 1E000000 		.4byte	.LVL6
 616 01a1 0D030000 		.4byte	0x30d
ARM GAS  C:\Users\Helon\AppData\Local\Temp\cc6MJreW.s 			page 18


 617 01a5 B0010000 		.4byte	0x1b0
 618 01a9 0E       		.uleb128 0xe
 619 01aa 01       		.uleb128 0x1
 620 01ab 50       		.byte	0x50
 621 01ac 02       		.uleb128 0x2
 622 01ad 08       		.byte	0x8
 623 01ae 30       		.byte	0x30
 624 01af 00       		.byte	0
 625 01b0 10       		.uleb128 0x10
 626 01b1 4E000000 		.4byte	.LVL7
 627 01b5 1E030000 		.4byte	0x31e
 628 01b9 C5010000 		.4byte	0x1c5
 629 01bd 0E       		.uleb128 0xe
 630 01be 01       		.uleb128 0x1
 631 01bf 50       		.byte	0x50
 632 01c0 03       		.uleb128 0x3
 633 01c1 0A       		.byte	0xa
 634 01c2 D007     		.2byte	0x7d0
 635 01c4 00       		.byte	0
 636 01c5 10       		.uleb128 0x10
 637 01c6 54000000 		.4byte	.LVL8
 638 01ca 33030000 		.4byte	0x333
 639 01ce DA010000 		.4byte	0x1da
 640 01d2 0E       		.uleb128 0xe
 641 01d3 01       		.uleb128 0x1
 642 01d4 50       		.byte	0x50
 643 01d5 03       		.uleb128 0x3
 644 01d6 0A       		.byte	0xa
 645 01d7 DC05     		.2byte	0x5dc
 646 01d9 00       		.byte	0
 647 01da 10       		.uleb128 0x10
 648 01db 90000000 		.4byte	.LVL9
 649 01df 44030000 		.4byte	0x344
 650 01e3 ED010000 		.4byte	0x1ed
 651 01e7 0E       		.uleb128 0xe
 652 01e8 01       		.uleb128 0x1
 653 01e9 50       		.byte	0x50
 654 01ea 01       		.uleb128 0x1
 655 01eb 38       		.byte	0x38
 656 01ec 00       		.byte	0
 657 01ed 0D       		.uleb128 0xd
 658 01ee 96000000 		.4byte	.LVL10
 659 01f2 5E030000 		.4byte	0x35e
 660 01f6 0E       		.uleb128 0xe
 661 01f7 01       		.uleb128 0x1
 662 01f8 50       		.byte	0x50
 663 01f9 01       		.uleb128 0x1
 664 01fa 38       		.byte	0x38
 665 01fb 00       		.byte	0
 666 01fc 00       		.byte	0
 667 01fd 11       		.uleb128 0x11
 668 01fe 10010000 		.4byte	.LASF38
 669 0202 01       		.byte	0x1
 670 0203 F5       		.byte	0xf5
 671 0204 F0000000 		.4byte	.LFB7
 672 0208 0C010000 		.4byte	.LFE7-.LFB7
 673 020c 01       		.uleb128 0x1
ARM GAS  C:\Users\Helon\AppData\Local\Temp\cc6MJreW.s 			page 19


 674 020d 9C       		.byte	0x9c
 675 020e C3020000 		.4byte	0x2c3
 676 0212 12       		.uleb128 0x12
 677 0213 FA000000 		.4byte	.LBB2
 678 0217 6A000000 		.4byte	.LBE2-.LBB2
 679 021b B0020000 		.4byte	0x2b0
 680 021f 13       		.uleb128 0x13
 681 0220 06       		.byte	0x6
 682 0221 01       		.byte	0x1
 683 0222 FE       		.byte	0xfe
 684 0223 41020000 		.4byte	0x241
 685 0227 14       		.uleb128 0x14
 686 0228 1D010000 		.4byte	.LASF23
 687 022c 01       		.byte	0x1
 688 022d FF       		.byte	0xff
 689 022e 7D000000 		.4byte	0x7d
 690 0232 00       		.byte	0
 691 0233 15       		.uleb128 0x15
 692 0234 6F000000 		.4byte	.LASF24
 693 0238 01       		.byte	0x1
 694 0239 0001     		.2byte	0x100
 695 023b 98000000 		.4byte	0x98
 696 023f 04       		.byte	0x4
 697 0240 00       		.byte	0
 698 0241 08       		.uleb128 0x8
 699 0242 B3010000 		.4byte	.LASF25
 700 0246 01       		.byte	0x1
 701 0247 0101     		.2byte	0x101
 702 0249 1F020000 		.4byte	0x21f
 703 024d 16       		.uleb128 0x16
 704 024e 41020000 		.4byte	0x241
 705 0252 5D020000 		.4byte	0x25d
 706 0256 17       		.uleb128 0x17
 707 0257 76000000 		.4byte	0x76
 708 025b 01       		.byte	0x1
 709 025c 00       		.byte	0
 710 025d 18       		.uleb128 0x18
 711 025e 3B000000 		.4byte	.LASF26
 712 0262 01       		.byte	0x1
 713 0263 0301     		.2byte	0x103
 714 0265 6F020000 		.4byte	0x26f
 715 0269 05       		.uleb128 0x5
 716 026a 03       		.byte	0x3
 717 026b 00000000 		.4byte	cfg_memset_list.4742
 718 026f 19       		.uleb128 0x19
 719 0270 4D020000 		.4byte	0x24d
 720 0274 1A       		.uleb128 0x1a
 721 0275 6900     		.ascii	"i\000"
 722 0277 01       		.byte	0x1
 723 0278 0901     		.2byte	0x109
 724 027a 8D000000 		.4byte	0x8d
 725 027e 4D000000 		.4byte	.LLST2
 726 0282 1B       		.uleb128 0x1b
 727 0283 FE000000 		.4byte	.LBB3
 728 0287 1E000000 		.4byte	.LBE3-.LBB3
 729 028b 1A       		.uleb128 0x1a
 730 028c 6D7300   		.ascii	"ms\000"
ARM GAS  C:\Users\Helon\AppData\Local\Temp\cc6MJreW.s 			page 20


 731 028f 01       		.byte	0x1
 732 0290 0E01     		.2byte	0x10e
 733 0292 9A020000 		.4byte	0x29a
 734 0296 77000000 		.4byte	.LLST3
 735 029a 06       		.uleb128 0x6
 736 029b 04       		.byte	0x4
 737 029c A0020000 		.4byte	0x2a0
 738 02a0 19       		.uleb128 0x19
 739 02a1 41020000 		.4byte	0x241
 740 02a5 0F       		.uleb128 0xf
 741 02a6 1C010000 		.4byte	.LVL13
 742 02aa 07010000 		.4byte	0x107
 743 02ae 00       		.byte	0
 744 02af 00       		.byte	0
 745 02b0 0F       		.uleb128 0xf
 746 02b1 A4010000 		.4byte	.LVL16
 747 02b5 54010000 		.4byte	0x154
 748 02b9 0F       		.uleb128 0xf
 749 02ba A8010000 		.4byte	.LVL17
 750 02be F6000000 		.4byte	0xf6
 751 02c2 00       		.byte	0
 752 02c3 1C       		.uleb128 0x1c
 753 02c4 D2000000 		.4byte	.LASF27
 754 02c8 7D000000 		.4byte	0x7d
 755 02cc E0020000 		.4byte	0x2e0
 756 02d0 1D       		.uleb128 0x1d
 757 02d1 7D000000 		.4byte	0x7d
 758 02d5 1D       		.uleb128 0x1d
 759 02d6 25000000 		.4byte	0x25
 760 02da 1D       		.uleb128 0x1d
 761 02db 76000000 		.4byte	0x76
 762 02df 00       		.byte	0
 763 02e0 1E       		.uleb128 0x1e
 764 02e1 A9000000 		.4byte	.LASF39
 765 02e5 05       		.byte	0x5
 766 02e6 25       		.byte	0x25
 767 02e7 1F       		.uleb128 0x1f
 768 02e8 00000000 		.4byte	.LASF28
 769 02ec 04       		.byte	0x4
 770 02ed 5A       		.byte	0x5a
 771 02ee F8020000 		.4byte	0x2f8
 772 02f2 1D       		.uleb128 0x1d
 773 02f3 A3000000 		.4byte	0xa3
 774 02f7 00       		.byte	0
 775 02f8 20       		.uleb128 0x20
 776 02f9 74000000 		.4byte	.LASF30
 777 02fd 05       		.byte	0x5
 778 02fe 27       		.byte	0x27
 779 02ff A3000000 		.4byte	0xa3
 780 0303 0D030000 		.4byte	0x30d
 781 0307 1D       		.uleb128 0x1d
 782 0308 A3000000 		.4byte	0xa3
 783 030c 00       		.byte	0
 784 030d 1F       		.uleb128 0x1f
 785 030e B7020000 		.4byte	.LASF29
 786 0312 04       		.byte	0x4
 787 0313 31       		.byte	0x31
ARM GAS  C:\Users\Helon\AppData\Local\Temp\cc6MJreW.s 			page 21


 788 0314 1E030000 		.4byte	0x31e
 789 0318 1D       		.uleb128 0x1d
 790 0319 A3000000 		.4byte	0xa3
 791 031d 00       		.byte	0
 792 031e 20       		.uleb128 0x20
 793 031f 0E020000 		.4byte	.LASF31
 794 0323 04       		.byte	0x4
 795 0324 84       		.byte	0x84
 796 0325 BC000000 		.4byte	0xbc
 797 0329 33030000 		.4byte	0x333
 798 032d 1D       		.uleb128 0x1d
 799 032e A3000000 		.4byte	0xa3
 800 0332 00       		.byte	0
 801 0333 1F       		.uleb128 0x1f
 802 0334 FF010000 		.4byte	.LASF32
 803 0338 04       		.byte	0x4
 804 0339 58       		.byte	0x58
 805 033a 44030000 		.4byte	0x344
 806 033e 1D       		.uleb128 0x1d
 807 033f 98000000 		.4byte	0x98
 808 0343 00       		.byte	0
 809 0344 20       		.uleb128 0x20
 810 0345 2C000000 		.4byte	.LASF33
 811 0349 04       		.byte	0x4
 812 034a 46       		.byte	0x46
 813 034b EA000000 		.4byte	0xea
 814 034f 5E030000 		.4byte	0x35e
 815 0353 1D       		.uleb128 0x1d
 816 0354 8D000000 		.4byte	0x8d
 817 0358 1D       		.uleb128 0x1d
 818 0359 EA000000 		.4byte	0xea
 819 035d 00       		.byte	0
 820 035e 21       		.uleb128 0x21
 821 035f E0000000 		.4byte	.LASF40
 822 0363 04       		.byte	0x4
 823 0364 4C       		.byte	0x4c
 824 0365 1D       		.uleb128 0x1d
 825 0366 8D000000 		.4byte	0x8d
 826 036a 00       		.byte	0
 827 036b 00       		.byte	0
 828              		.section	.debug_abbrev,"",%progbits
 829              	.Ldebug_abbrev0:
 830 0000 01       		.uleb128 0x1
 831 0001 11       		.uleb128 0x11
 832 0002 01       		.byte	0x1
 833 0003 25       		.uleb128 0x25
 834 0004 0E       		.uleb128 0xe
 835 0005 13       		.uleb128 0x13
 836 0006 0B       		.uleb128 0xb
 837 0007 03       		.uleb128 0x3
 838 0008 0E       		.uleb128 0xe
 839 0009 1B       		.uleb128 0x1b
 840 000a 0E       		.uleb128 0xe
 841 000b 55       		.uleb128 0x55
 842 000c 17       		.uleb128 0x17
 843 000d 11       		.uleb128 0x11
 844 000e 01       		.uleb128 0x1
ARM GAS  C:\Users\Helon\AppData\Local\Temp\cc6MJreW.s 			page 22


 845 000f 10       		.uleb128 0x10
 846 0010 17       		.uleb128 0x17
 847 0011 00       		.byte	0
 848 0012 00       		.byte	0
 849 0013 02       		.uleb128 0x2
 850 0014 24       		.uleb128 0x24
 851 0015 00       		.byte	0
 852 0016 0B       		.uleb128 0xb
 853 0017 0B       		.uleb128 0xb
 854 0018 3E       		.uleb128 0x3e
 855 0019 0B       		.uleb128 0xb
 856 001a 03       		.uleb128 0x3
 857 001b 08       		.uleb128 0x8
 858 001c 00       		.byte	0
 859 001d 00       		.byte	0
 860 001e 03       		.uleb128 0x3
 861 001f 16       		.uleb128 0x16
 862 0020 00       		.byte	0
 863 0021 03       		.uleb128 0x3
 864 0022 0E       		.uleb128 0xe
 865 0023 3A       		.uleb128 0x3a
 866 0024 0B       		.uleb128 0xb
 867 0025 3B       		.uleb128 0x3b
 868 0026 0B       		.uleb128 0xb
 869 0027 49       		.uleb128 0x49
 870 0028 13       		.uleb128 0x13
 871 0029 00       		.byte	0
 872 002a 00       		.byte	0
 873 002b 04       		.uleb128 0x4
 874 002c 24       		.uleb128 0x24
 875 002d 00       		.byte	0
 876 002e 0B       		.uleb128 0xb
 877 002f 0B       		.uleb128 0xb
 878 0030 3E       		.uleb128 0x3e
 879 0031 0B       		.uleb128 0xb
 880 0032 03       		.uleb128 0x3
 881 0033 0E       		.uleb128 0xe
 882 0034 00       		.byte	0
 883 0035 00       		.byte	0
 884 0036 05       		.uleb128 0x5
 885 0037 0F       		.uleb128 0xf
 886 0038 00       		.byte	0
 887 0039 0B       		.uleb128 0xb
 888 003a 0B       		.uleb128 0xb
 889 003b 00       		.byte	0
 890 003c 00       		.byte	0
 891 003d 06       		.uleb128 0x6
 892 003e 0F       		.uleb128 0xf
 893 003f 00       		.byte	0
 894 0040 0B       		.uleb128 0xb
 895 0041 0B       		.uleb128 0xb
 896 0042 49       		.uleb128 0x49
 897 0043 13       		.uleb128 0x13
 898 0044 00       		.byte	0
 899 0045 00       		.byte	0
 900 0046 07       		.uleb128 0x7
 901 0047 15       		.uleb128 0x15
ARM GAS  C:\Users\Helon\AppData\Local\Temp\cc6MJreW.s 			page 23


 902 0048 00       		.byte	0
 903 0049 27       		.uleb128 0x27
 904 004a 19       		.uleb128 0x19
 905 004b 00       		.byte	0
 906 004c 00       		.byte	0
 907 004d 08       		.uleb128 0x8
 908 004e 16       		.uleb128 0x16
 909 004f 00       		.byte	0
 910 0050 03       		.uleb128 0x3
 911 0051 0E       		.uleb128 0xe
 912 0052 3A       		.uleb128 0x3a
 913 0053 0B       		.uleb128 0xb
 914 0054 3B       		.uleb128 0x3b
 915 0055 05       		.uleb128 0x5
 916 0056 49       		.uleb128 0x49
 917 0057 13       		.uleb128 0x13
 918 0058 00       		.byte	0
 919 0059 00       		.byte	0
 920 005a 09       		.uleb128 0x9
 921 005b 35       		.uleb128 0x35
 922 005c 00       		.byte	0
 923 005d 49       		.uleb128 0x49
 924 005e 13       		.uleb128 0x13
 925 005f 00       		.byte	0
 926 0060 00       		.byte	0
 927 0061 0A       		.uleb128 0xa
 928 0062 2E       		.uleb128 0x2e
 929 0063 00       		.byte	0
 930 0064 03       		.uleb128 0x3
 931 0065 0E       		.uleb128 0xe
 932 0066 3A       		.uleb128 0x3a
 933 0067 0B       		.uleb128 0xb
 934 0068 3B       		.uleb128 0x3b
 935 0069 0B       		.uleb128 0xb
 936 006a 27       		.uleb128 0x27
 937 006b 19       		.uleb128 0x19
 938 006c 11       		.uleb128 0x11
 939 006d 01       		.uleb128 0x1
 940 006e 12       		.uleb128 0x12
 941 006f 06       		.uleb128 0x6
 942 0070 40       		.uleb128 0x40
 943 0071 18       		.uleb128 0x18
 944 0072 9742     		.uleb128 0x2117
 945 0074 19       		.uleb128 0x19
 946 0075 00       		.byte	0
 947 0076 00       		.byte	0
 948 0077 0B       		.uleb128 0xb
 949 0078 2E       		.uleb128 0x2e
 950 0079 01       		.byte	0x1
 951 007a 03       		.uleb128 0x3
 952 007b 0E       		.uleb128 0xe
 953 007c 3A       		.uleb128 0x3a
 954 007d 0B       		.uleb128 0xb
 955 007e 3B       		.uleb128 0x3b
 956 007f 0B       		.uleb128 0xb
 957 0080 27       		.uleb128 0x27
 958 0081 19       		.uleb128 0x19
ARM GAS  C:\Users\Helon\AppData\Local\Temp\cc6MJreW.s 			page 24


 959 0082 11       		.uleb128 0x11
 960 0083 01       		.uleb128 0x1
 961 0084 12       		.uleb128 0x12
 962 0085 06       		.uleb128 0x6
 963 0086 40       		.uleb128 0x40
 964 0087 18       		.uleb128 0x18
 965 0088 9742     		.uleb128 0x2117
 966 008a 19       		.uleb128 0x19
 967 008b 01       		.uleb128 0x1
 968 008c 13       		.uleb128 0x13
 969 008d 00       		.byte	0
 970 008e 00       		.byte	0
 971 008f 0C       		.uleb128 0xc
 972 0090 05       		.uleb128 0x5
 973 0091 00       		.byte	0
 974 0092 03       		.uleb128 0x3
 975 0093 08       		.uleb128 0x8
 976 0094 3A       		.uleb128 0x3a
 977 0095 0B       		.uleb128 0xb
 978 0096 3B       		.uleb128 0x3b
 979 0097 0B       		.uleb128 0xb
 980 0098 49       		.uleb128 0x49
 981 0099 13       		.uleb128 0x13
 982 009a 02       		.uleb128 0x2
 983 009b 17       		.uleb128 0x17
 984 009c 00       		.byte	0
 985 009d 00       		.byte	0
 986 009e 0D       		.uleb128 0xd
 987 009f 898201   		.uleb128 0x4109
 988 00a2 01       		.byte	0x1
 989 00a3 11       		.uleb128 0x11
 990 00a4 01       		.uleb128 0x1
 991 00a5 31       		.uleb128 0x31
 992 00a6 13       		.uleb128 0x13
 993 00a7 00       		.byte	0
 994 00a8 00       		.byte	0
 995 00a9 0E       		.uleb128 0xe
 996 00aa 8A8201   		.uleb128 0x410a
 997 00ad 00       		.byte	0
 998 00ae 02       		.uleb128 0x2
 999 00af 18       		.uleb128 0x18
 1000 00b0 9142     		.uleb128 0x2111
 1001 00b2 18       		.uleb128 0x18
 1002 00b3 00       		.byte	0
 1003 00b4 00       		.byte	0
 1004 00b5 0F       		.uleb128 0xf
 1005 00b6 898201   		.uleb128 0x4109
 1006 00b9 00       		.byte	0
 1007 00ba 11       		.uleb128 0x11
 1008 00bb 01       		.uleb128 0x1
 1009 00bc 31       		.uleb128 0x31
 1010 00bd 13       		.uleb128 0x13
 1011 00be 00       		.byte	0
 1012 00bf 00       		.byte	0
 1013 00c0 10       		.uleb128 0x10
 1014 00c1 898201   		.uleb128 0x4109
 1015 00c4 01       		.byte	0x1
ARM GAS  C:\Users\Helon\AppData\Local\Temp\cc6MJreW.s 			page 25


 1016 00c5 11       		.uleb128 0x11
 1017 00c6 01       		.uleb128 0x1
 1018 00c7 31       		.uleb128 0x31
 1019 00c8 13       		.uleb128 0x13
 1020 00c9 01       		.uleb128 0x1
 1021 00ca 13       		.uleb128 0x13
 1022 00cb 00       		.byte	0
 1023 00cc 00       		.byte	0
 1024 00cd 11       		.uleb128 0x11
 1025 00ce 2E       		.uleb128 0x2e
 1026 00cf 01       		.byte	0x1
 1027 00d0 3F       		.uleb128 0x3f
 1028 00d1 19       		.uleb128 0x19
 1029 00d2 03       		.uleb128 0x3
 1030 00d3 0E       		.uleb128 0xe
 1031 00d4 3A       		.uleb128 0x3a
 1032 00d5 0B       		.uleb128 0xb
 1033 00d6 3B       		.uleb128 0x3b
 1034 00d7 0B       		.uleb128 0xb
 1035 00d8 27       		.uleb128 0x27
 1036 00d9 19       		.uleb128 0x19
 1037 00da 11       		.uleb128 0x11
 1038 00db 01       		.uleb128 0x1
 1039 00dc 12       		.uleb128 0x12
 1040 00dd 06       		.uleb128 0x6
 1041 00de 40       		.uleb128 0x40
 1042 00df 18       		.uleb128 0x18
 1043 00e0 9742     		.uleb128 0x2117
 1044 00e2 19       		.uleb128 0x19
 1045 00e3 01       		.uleb128 0x1
 1046 00e4 13       		.uleb128 0x13
 1047 00e5 00       		.byte	0
 1048 00e6 00       		.byte	0
 1049 00e7 12       		.uleb128 0x12
 1050 00e8 0B       		.uleb128 0xb
 1051 00e9 01       		.byte	0x1
 1052 00ea 11       		.uleb128 0x11
 1053 00eb 01       		.uleb128 0x1
 1054 00ec 12       		.uleb128 0x12
 1055 00ed 06       		.uleb128 0x6
 1056 00ee 01       		.uleb128 0x1
 1057 00ef 13       		.uleb128 0x13
 1058 00f0 00       		.byte	0
 1059 00f1 00       		.byte	0
 1060 00f2 13       		.uleb128 0x13
 1061 00f3 13       		.uleb128 0x13
 1062 00f4 01       		.byte	0x1
 1063 00f5 0B       		.uleb128 0xb
 1064 00f6 0B       		.uleb128 0xb
 1065 00f7 3A       		.uleb128 0x3a
 1066 00f8 0B       		.uleb128 0xb
 1067 00f9 3B       		.uleb128 0x3b
 1068 00fa 0B       		.uleb128 0xb
 1069 00fb 01       		.uleb128 0x1
 1070 00fc 13       		.uleb128 0x13
 1071 00fd 00       		.byte	0
 1072 00fe 00       		.byte	0
ARM GAS  C:\Users\Helon\AppData\Local\Temp\cc6MJreW.s 			page 26


 1073 00ff 14       		.uleb128 0x14
 1074 0100 0D       		.uleb128 0xd
 1075 0101 00       		.byte	0
 1076 0102 03       		.uleb128 0x3
 1077 0103 0E       		.uleb128 0xe
 1078 0104 3A       		.uleb128 0x3a
 1079 0105 0B       		.uleb128 0xb
 1080 0106 3B       		.uleb128 0x3b
 1081 0107 0B       		.uleb128 0xb
 1082 0108 49       		.uleb128 0x49
 1083 0109 13       		.uleb128 0x13
 1084 010a 38       		.uleb128 0x38
 1085 010b 0B       		.uleb128 0xb
 1086 010c 00       		.byte	0
 1087 010d 00       		.byte	0
 1088 010e 15       		.uleb128 0x15
 1089 010f 0D       		.uleb128 0xd
 1090 0110 00       		.byte	0
 1091 0111 03       		.uleb128 0x3
 1092 0112 0E       		.uleb128 0xe
 1093 0113 3A       		.uleb128 0x3a
 1094 0114 0B       		.uleb128 0xb
 1095 0115 3B       		.uleb128 0x3b
 1096 0116 05       		.uleb128 0x5
 1097 0117 49       		.uleb128 0x49
 1098 0118 13       		.uleb128 0x13
 1099 0119 38       		.uleb128 0x38
 1100 011a 0B       		.uleb128 0xb
 1101 011b 00       		.byte	0
 1102 011c 00       		.byte	0
 1103 011d 16       		.uleb128 0x16
 1104 011e 01       		.uleb128 0x1
 1105 011f 01       		.byte	0x1
 1106 0120 49       		.uleb128 0x49
 1107 0121 13       		.uleb128 0x13
 1108 0122 01       		.uleb128 0x1
 1109 0123 13       		.uleb128 0x13
 1110 0124 00       		.byte	0
 1111 0125 00       		.byte	0
 1112 0126 17       		.uleb128 0x17
 1113 0127 21       		.uleb128 0x21
 1114 0128 00       		.byte	0
 1115 0129 49       		.uleb128 0x49
 1116 012a 13       		.uleb128 0x13
 1117 012b 2F       		.uleb128 0x2f
 1118 012c 0B       		.uleb128 0xb
 1119 012d 00       		.byte	0
 1120 012e 00       		.byte	0
 1121 012f 18       		.uleb128 0x18
 1122 0130 34       		.uleb128 0x34
 1123 0131 00       		.byte	0
 1124 0132 03       		.uleb128 0x3
 1125 0133 0E       		.uleb128 0xe
 1126 0134 3A       		.uleb128 0x3a
 1127 0135 0B       		.uleb128 0xb
 1128 0136 3B       		.uleb128 0x3b
 1129 0137 05       		.uleb128 0x5
ARM GAS  C:\Users\Helon\AppData\Local\Temp\cc6MJreW.s 			page 27


 1130 0138 49       		.uleb128 0x49
 1131 0139 13       		.uleb128 0x13
 1132 013a 02       		.uleb128 0x2
 1133 013b 18       		.uleb128 0x18
 1134 013c 00       		.byte	0
 1135 013d 00       		.byte	0
 1136 013e 19       		.uleb128 0x19
 1137 013f 26       		.uleb128 0x26
 1138 0140 00       		.byte	0
 1139 0141 49       		.uleb128 0x49
 1140 0142 13       		.uleb128 0x13
 1141 0143 00       		.byte	0
 1142 0144 00       		.byte	0
 1143 0145 1A       		.uleb128 0x1a
 1144 0146 34       		.uleb128 0x34
 1145 0147 00       		.byte	0
 1146 0148 03       		.uleb128 0x3
 1147 0149 08       		.uleb128 0x8
 1148 014a 3A       		.uleb128 0x3a
 1149 014b 0B       		.uleb128 0xb
 1150 014c 3B       		.uleb128 0x3b
 1151 014d 05       		.uleb128 0x5
 1152 014e 49       		.uleb128 0x49
 1153 014f 13       		.uleb128 0x13
 1154 0150 02       		.uleb128 0x2
 1155 0151 17       		.uleb128 0x17
 1156 0152 00       		.byte	0
 1157 0153 00       		.byte	0
 1158 0154 1B       		.uleb128 0x1b
 1159 0155 0B       		.uleb128 0xb
 1160 0156 01       		.byte	0x1
 1161 0157 11       		.uleb128 0x11
 1162 0158 01       		.uleb128 0x1
 1163 0159 12       		.uleb128 0x12
 1164 015a 06       		.uleb128 0x6
 1165 015b 00       		.byte	0
 1166 015c 00       		.byte	0
 1167 015d 1C       		.uleb128 0x1c
 1168 015e 2E       		.uleb128 0x2e
 1169 015f 01       		.byte	0x1
 1170 0160 3F       		.uleb128 0x3f
 1171 0161 19       		.uleb128 0x19
 1172 0162 03       		.uleb128 0x3
 1173 0163 0E       		.uleb128 0xe
 1174 0164 27       		.uleb128 0x27
 1175 0165 19       		.uleb128 0x19
 1176 0166 49       		.uleb128 0x49
 1177 0167 13       		.uleb128 0x13
 1178 0168 34       		.uleb128 0x34
 1179 0169 19       		.uleb128 0x19
 1180 016a 3C       		.uleb128 0x3c
 1181 016b 19       		.uleb128 0x19
 1182 016c 01       		.uleb128 0x1
 1183 016d 13       		.uleb128 0x13
 1184 016e 00       		.byte	0
 1185 016f 00       		.byte	0
 1186 0170 1D       		.uleb128 0x1d
ARM GAS  C:\Users\Helon\AppData\Local\Temp\cc6MJreW.s 			page 28


 1187 0171 05       		.uleb128 0x5
 1188 0172 00       		.byte	0
 1189 0173 49       		.uleb128 0x49
 1190 0174 13       		.uleb128 0x13
 1191 0175 00       		.byte	0
 1192 0176 00       		.byte	0
 1193 0177 1E       		.uleb128 0x1e
 1194 0178 2E       		.uleb128 0x2e
 1195 0179 00       		.byte	0
 1196 017a 3F       		.uleb128 0x3f
 1197 017b 19       		.uleb128 0x19
 1198 017c 03       		.uleb128 0x3
 1199 017d 0E       		.uleb128 0xe
 1200 017e 3A       		.uleb128 0x3a
 1201 017f 0B       		.uleb128 0xb
 1202 0180 3B       		.uleb128 0x3b
 1203 0181 0B       		.uleb128 0xb
 1204 0182 27       		.uleb128 0x27
 1205 0183 19       		.uleb128 0x19
 1206 0184 3C       		.uleb128 0x3c
 1207 0185 19       		.uleb128 0x19
 1208 0186 00       		.byte	0
 1209 0187 00       		.byte	0
 1210 0188 1F       		.uleb128 0x1f
 1211 0189 2E       		.uleb128 0x2e
 1212 018a 01       		.byte	0x1
 1213 018b 3F       		.uleb128 0x3f
 1214 018c 19       		.uleb128 0x19
 1215 018d 03       		.uleb128 0x3
 1216 018e 0E       		.uleb128 0xe
 1217 018f 3A       		.uleb128 0x3a
 1218 0190 0B       		.uleb128 0xb
 1219 0191 3B       		.uleb128 0x3b
 1220 0192 0B       		.uleb128 0xb
 1221 0193 27       		.uleb128 0x27
 1222 0194 19       		.uleb128 0x19
 1223 0195 3C       		.uleb128 0x3c
 1224 0196 19       		.uleb128 0x19
 1225 0197 01       		.uleb128 0x1
 1226 0198 13       		.uleb128 0x13
 1227 0199 00       		.byte	0
 1228 019a 00       		.byte	0
 1229 019b 20       		.uleb128 0x20
 1230 019c 2E       		.uleb128 0x2e
 1231 019d 01       		.byte	0x1
 1232 019e 3F       		.uleb128 0x3f
 1233 019f 19       		.uleb128 0x19
 1234 01a0 03       		.uleb128 0x3
 1235 01a1 0E       		.uleb128 0xe
 1236 01a2 3A       		.uleb128 0x3a
 1237 01a3 0B       		.uleb128 0xb
 1238 01a4 3B       		.uleb128 0x3b
 1239 01a5 0B       		.uleb128 0xb
 1240 01a6 27       		.uleb128 0x27
 1241 01a7 19       		.uleb128 0x19
 1242 01a8 49       		.uleb128 0x49
 1243 01a9 13       		.uleb128 0x13
ARM GAS  C:\Users\Helon\AppData\Local\Temp\cc6MJreW.s 			page 29


 1244 01aa 3C       		.uleb128 0x3c
 1245 01ab 19       		.uleb128 0x19
 1246 01ac 01       		.uleb128 0x1
 1247 01ad 13       		.uleb128 0x13
 1248 01ae 00       		.byte	0
 1249 01af 00       		.byte	0
 1250 01b0 21       		.uleb128 0x21
 1251 01b1 2E       		.uleb128 0x2e
 1252 01b2 01       		.byte	0x1
 1253 01b3 3F       		.uleb128 0x3f
 1254 01b4 19       		.uleb128 0x19
 1255 01b5 03       		.uleb128 0x3
 1256 01b6 0E       		.uleb128 0xe
 1257 01b7 3A       		.uleb128 0x3a
 1258 01b8 0B       		.uleb128 0xb
 1259 01b9 3B       		.uleb128 0x3b
 1260 01ba 0B       		.uleb128 0xb
 1261 01bb 27       		.uleb128 0x27
 1262 01bc 19       		.uleb128 0x19
 1263 01bd 3C       		.uleb128 0x3c
 1264 01be 19       		.uleb128 0x19
 1265 01bf 00       		.byte	0
 1266 01c0 00       		.byte	0
 1267 01c1 00       		.byte	0
 1268              		.section	.debug_loc,"",%progbits
 1269              	.Ldebug_loc0:
 1270              	.LLST0:
 1271 0000 00000000 		.4byte	.LVL0
 1272 0004 09000000 		.4byte	.LVL2-1
 1273 0008 0100     		.2byte	0x1
 1274 000a 50       		.byte	0x50
 1275 000b 09000000 		.4byte	.LVL2-1
 1276 000f 0C000000 		.4byte	.LFE2
 1277 0013 0400     		.2byte	0x4
 1278 0015 F3       		.byte	0xf3
 1279 0016 01       		.uleb128 0x1
 1280 0017 50       		.byte	0x50
 1281 0018 9F       		.byte	0x9f
 1282 0019 00000000 		.4byte	0
 1283 001d 00000000 		.4byte	0
 1284              	.LLST1:
 1285 0021 00000000 		.4byte	.LVL0
 1286 0025 06000000 		.4byte	.LVL1
 1287 0029 0100     		.2byte	0x1
 1288 002b 51       		.byte	0x51
 1289 002c 06000000 		.4byte	.LVL1
 1290 0030 09000000 		.4byte	.LVL2-1
 1291 0034 0100     		.2byte	0x1
 1292 0036 52       		.byte	0x52
 1293 0037 09000000 		.4byte	.LVL2-1
 1294 003b 0C000000 		.4byte	.LFE2
 1295 003f 0400     		.2byte	0x4
 1296 0041 F3       		.byte	0xf3
 1297 0042 01       		.uleb128 0x1
 1298 0043 51       		.byte	0x51
 1299 0044 9F       		.byte	0x9f
 1300 0045 00000000 		.4byte	0
ARM GAS  C:\Users\Helon\AppData\Local\Temp\cc6MJreW.s 			page 30


 1301 0049 00000000 		.4byte	0
 1302              	.LLST2:
 1303 004d FA000000 		.4byte	.LVL11
 1304 0051 FE000000 		.4byte	.LVL12
 1305 0055 0200     		.2byte	0x2
 1306 0057 30       		.byte	0x30
 1307 0058 9F       		.byte	0x9f
 1308 0059 FE000000 		.4byte	.LVL12
 1309 005d 1E010000 		.4byte	.LVL14
 1310 0061 0100     		.2byte	0x1
 1311 0063 54       		.byte	0x54
 1312 0064 20010000 		.4byte	.LVL15
 1313 0068 A8010000 		.4byte	.LVL18
 1314 006c 0100     		.2byte	0x1
 1315 006e 54       		.byte	0x54
 1316 006f 00000000 		.4byte	0
 1317 0073 00000000 		.4byte	0
 1318              	.LLST3:
 1319 0077 FE000000 		.4byte	.LVL12
 1320 007b 1E010000 		.4byte	.LVL14
 1321 007f 0B00     		.2byte	0xb
 1322 0081 74       		.byte	0x74
 1323 0082 00       		.sleb128 0
 1324 0083 36       		.byte	0x36
 1325 0084 1E       		.byte	0x1e
 1326 0085 03       		.byte	0x3
 1327 0086 00000000 		.4byte	cfg_memset_list.4742
 1328 008a 22       		.byte	0x22
 1329 008b 9F       		.byte	0x9f
 1330 008c 1E010000 		.4byte	.LVL14
 1331 0090 20010000 		.4byte	.LVL15
 1332 0094 0B00     		.2byte	0xb
 1333 0096 74       		.byte	0x74
 1334 0097 7F       		.sleb128 -1
 1335 0098 36       		.byte	0x36
 1336 0099 1E       		.byte	0x1e
 1337 009a 03       		.byte	0x3
 1338 009b 00000000 		.4byte	cfg_memset_list.4742
 1339 009f 22       		.byte	0x22
 1340 00a0 9F       		.byte	0x9f
 1341 00a1 00000000 		.4byte	0
 1342 00a5 00000000 		.4byte	0
 1343              		.section	.debug_aranges,"",%progbits
 1344 0000 34000000 		.4byte	0x34
 1345 0004 0200     		.2byte	0x2
 1346 0006 00000000 		.4byte	.Ldebug_info0
 1347 000a 04       		.byte	0x4
 1348 000b 00       		.byte	0
 1349 000c 0000     		.2byte	0
 1350 000e 0000     		.2byte	0
 1351 0010 00000000 		.4byte	.LFB6
 1352 0014 20000000 		.4byte	.LFE6-.LFB6
 1353 0018 00000000 		.4byte	.LFB2
 1354 001c 0C000000 		.4byte	.LFE2-.LFB2
 1355 0020 00000000 		.4byte	.LFB5
 1356 0024 F0000000 		.4byte	.LFE5-.LFB5
 1357 0028 F0000000 		.4byte	.LFB7
ARM GAS  C:\Users\Helon\AppData\Local\Temp\cc6MJreW.s 			page 31


 1358 002c 0C010000 		.4byte	.LFE7-.LFB7
 1359 0030 00000000 		.4byte	0
 1360 0034 00000000 		.4byte	0
 1361              		.section	.debug_ranges,"",%progbits
 1362              	.Ldebug_ranges0:
 1363 0000 00000000 		.4byte	.LFB6
 1364 0004 20000000 		.4byte	.LFE6
 1365 0008 00000000 		.4byte	.LFB2
 1366 000c 0C000000 		.4byte	.LFE2
 1367 0010 00000000 		.4byte	.LFB5
 1368 0014 F0000000 		.4byte	.LFE5
 1369 0018 F0000000 		.4byte	.LFB7
 1370 001c FC010000 		.4byte	.LFE7
 1371 0020 00000000 		.4byte	0
 1372 0024 00000000 		.4byte	0
 1373              		.section	.debug_line,"",%progbits
 1374              	.Ldebug_line0:
 1375 0000 68010000 		.section	.debug_str,"MS",%progbits,1
 1375      0200E500 
 1375      00000201 
 1375      FB0E0D00 
 1375      01010101 
 1376              	.LASF28:
 1377 0000 43794465 		.ascii	"CyDelayCycles\000"
 1377      6C617943 
 1377      79636C65 
 1377      7300
 1378              	.LASF19:
 1379 000e 72656733 		.ascii	"reg32\000"
 1379      3200
 1380              	.LASF11:
 1381 0014 73697A65 		.ascii	"size_t\000"
 1381      5F7400
 1382              	.LASF37:
 1383 001b 416E616C 		.ascii	"AnalogSetDefault\000"
 1383      6F675365 
 1383      74446566 
 1383      61756C74 
 1383      00
 1384              	.LASF33:
 1385 002c 4379496E 		.ascii	"CyIntSetVector\000"
 1385      74536574 
 1385      56656374 
 1385      6F7200
 1386              	.LASF26:
 1387 003b 6366675F 		.ascii	"cfg_memset_list\000"
 1387      6D656D73 
 1387      65745F6C 
 1387      69737400 
 1388              	.LASF22:
 1389 004b 436C6F63 		.ascii	"ClockSetup\000"
 1389      6B536574 
 1389      757000
 1390              	.LASF4:
 1391 0056 73686F72 		.ascii	"short unsigned int\000"
 1391      7420756E 
 1391      7369676E 
ARM GAS  C:\Users\Helon\AppData\Local\Temp\cc6MJreW.s 			page 32


 1391      65642069 
 1391      6E7400
 1392              	.LASF15:
 1393 0069 666C6F61 		.ascii	"float\000"
 1393      7400
 1394              	.LASF24:
 1395 006f 73697A65 		.ascii	"size\000"
 1395      00
 1396              	.LASF30:
 1397 0074 43795379 		.ascii	"CySysClkWcoSetPowerMode\000"
 1397      73436C6B 
 1397      57636F53 
 1397      6574506F 
 1397      7765724D 
 1398              	.LASF18:
 1399 008c 72656738 		.ascii	"reg8\000"
 1399      00
 1400              	.LASF6:
 1401 0091 6C6F6E67 		.ascii	"long unsigned int\000"
 1401      20756E73 
 1401      69676E65 
 1401      6420696E 
 1401      7400
 1402              	.LASF12:
 1403 00a3 75696E74 		.ascii	"uint8\000"
 1403      3800
 1404              	.LASF39:
 1405 00a9 43795379 		.ascii	"CySysClkWcoStart\000"
 1405      73436C6B 
 1405      57636F53 
 1405      74617274 
 1405      00
 1406              	.LASF21:
 1407 00ba 43594D45 		.ascii	"CYMEMZERO\000"
 1407      4D5A4552 
 1407      4F00
 1408              	.LASF2:
 1409 00c4 756E7369 		.ascii	"unsigned char\000"
 1409      676E6564 
 1409      20636861 
 1409      7200
 1410              	.LASF27:
 1411 00d2 6D656D73 		.ascii	"memset\000"
 1411      657400
 1412              	.LASF16:
 1413 00d9 646F7562 		.ascii	"double\000"
 1413      6C6500
 1414              	.LASF40:
 1415 00e0 4379496E 		.ascii	"CyIntEnable\000"
 1415      74456E61 
 1415      626C6500 
 1416              	.LASF13:
 1417 00ec 75696E74 		.ascii	"uint16\000"
 1417      313600
 1418              	.LASF17:
 1419 00f3 63797374 		.ascii	"cystatus\000"
 1419      61747573 
ARM GAS  C:\Users\Helon\AppData\Local\Temp\cc6MJreW.s 			page 33


 1419      00
 1420              	.LASF14:
 1421 00fc 75696E74 		.ascii	"uint32\000"
 1421      333200
 1422              	.LASF0:
 1423 0103 756E7369 		.ascii	"unsigned int\000"
 1423      676E6564 
 1423      20696E74 
 1423      00
 1424              	.LASF38:
 1425 0110 63796669 		.ascii	"cyfitter_cfg\000"
 1425      74746572 
 1425      5F636667 
 1425      00
 1426              	.LASF23:
 1427 011d 61646472 		.ascii	"address\000"
 1427      65737300 
 1428              	.LASF8:
 1429 0125 6C6F6E67 		.ascii	"long long unsigned int\000"
 1429      206C6F6E 
 1429      6720756E 
 1429      7369676E 
 1429      65642069 
 1430              	.LASF36:
 1431 013c 473A5C43 		.ascii	"G:\\Company\\Jetronic\\CYPRESS\\Customer\\Troughpur"
 1431      6F6D7061 
 1431      6E795C4A 
 1431      6574726F 
 1431      6E69635C 
 1432 016a 5F43656E 		.ascii	"_Central_Peripheral_V2.9\\Troughput_Central_Periphe"
 1432      7472616C 
 1432      5F506572 
 1432      69706865 
 1432      72616C5F 
 1433 019c 72616C2E 		.ascii	"ral.cydsn\000"
 1433      63796473 
 1433      6E00
 1434              	.LASF20:
 1435 01a6 63796973 		.ascii	"cyisraddress\000"
 1435      72616464 
 1435      72657373 
 1435      00
 1436              	.LASF25:
 1437 01b3 6366675F 		.ascii	"cfg_memset_t\000"
 1437      6D656D73 
 1437      65745F74 
 1437      00
 1438              	.LASF35:
 1439 01c0 2E5C4765 		.ascii	".\\Generated_Source\\PSoC4\\cyfitter_cfg.c\000"
 1439      6E657261 
 1439      7465645F 
 1439      536F7572 
 1439      63655C50 
 1440              	.LASF9:
 1441 01e8 73697A65 		.ascii	"sizetype\000"
 1441      74797065 
 1441      00
ARM GAS  C:\Users\Helon\AppData\Local\Temp\cc6MJreW.s 			page 34


 1442              	.LASF7:
 1443 01f1 6C6F6E67 		.ascii	"long long int\000"
 1443      206C6F6E 
 1443      6720696E 
 1443      7400
 1444              	.LASF32:
 1445 01ff 43794465 		.ascii	"CyDelayUs\000"
 1445      6C617955 
 1445      7300
 1446              	.LASF10:
 1447 0209 63686172 		.ascii	"char\000"
 1447      00
 1448              	.LASF31:
 1449 020e 43795379 		.ascii	"CySysClkEcoStart\000"
 1449      73436C6B 
 1449      45636F53 
 1449      74617274 
 1449      00
 1450              	.LASF34:
 1451 021f 474E5520 		.ascii	"GNU C 4.9.3 20150303 (release) [ARM/embedded-4_9-br"
 1451      4320342E 
 1451      392E3320 
 1451      32303135 
 1451      30333033 
 1452 0252 616E6368 		.ascii	"anch revision 221220] -mcpu=cortex-m0 -mthumb -g -O"
 1452      20726576 
 1452      6973696F 
 1452      6E203232 
 1452      31323230 
 1453 0285 67202D66 		.ascii	"g -ffunction-sections -ffat-lto-objects\000"
 1453      66756E63 
 1453      74696F6E 
 1453      2D736563 
 1453      74696F6E 
 1454              	.LASF3:
 1455 02ad 73686F72 		.ascii	"short int\000"
 1455      7420696E 
 1455      7400
 1456              	.LASF29:
 1457 02b7 43795379 		.ascii	"CySysClkWriteImoFreq\000"
 1457      73436C6B 
 1457      57726974 
 1457      65496D6F 
 1457      46726571 
 1458              	.LASF5:
 1459 02cc 6C6F6E67 		.ascii	"long int\000"
 1459      20696E74 
 1459      00
 1460              	.LASF1:
 1461 02d5 7369676E 		.ascii	"signed char\000"
 1461      65642063 
 1461      68617200 
 1462              		.ident	"GCC: (GNU Tools for ARM Embedded Processors) 4.9.3 20150303 (release) [ARM/embedded-4_9-br
